Archive member included to satisfy reference by file (symbol)

d:/projetolpc/lpcxpresso_8.2.2_650/lpcxpresso/tools/bin/../lib/gcc/arm-none-eabi/5.4.1/../../../../arm-none-eabi/lib/armv7-m\libcr_semihost.a(_cr__main.o)
                              ./Application/LPCXPRESSO/cr_startup_lpc17.o (__main)
d:/projetolpc/lpcxpresso_8.2.2_650/lpcxpresso/tools/bin/../lib/gcc/arm-none-eabi/5.4.1/../../../../arm-none-eabi/lib/armv7-m\libcr_c.a(memcpy.o)
                              ./Kernel/Core/event.o (memcpy)
d:/projetolpc/lpcxpresso_8.2.2_650/lpcxpresso/tools/bin/../lib/gcc/arm-none-eabi/5.4.1/../../../../arm-none-eabi/lib/armv7-m\libcr_c.a(alloc.o)
                              ./Kernel/Core/AVLTree.o (malloc)
d:/projetolpc/lpcxpresso_8.2.2_650/lpcxpresso/tools/bin/../lib/gcc/arm-none-eabi/5.4.1/../../../../arm-none-eabi/lib/armv7-m\libcr_c.a(fpprintf.o)
                              ./Kernel/Core/AVLTree.o (sprintf)
d:/projetolpc/lpcxpresso_8.2.2_650/lpcxpresso/tools/bin/../lib/gcc/arm-none-eabi/5.4.1/../../../../arm-none-eabi/lib/armv7-m\libcr_c.a(initio.o)
                              d:/projetolpc/lpcxpresso_8.2.2_650/lpcxpresso/tools/bin/../lib/gcc/arm-none-eabi/5.4.1/../../../../arm-none-eabi/lib/armv7-m\libcr_semihost.a(_cr__main.o) (_initio)
d:/projetolpc/lpcxpresso_8.2.2_650/lpcxpresso/tools/bin/../lib/gcc/arm-none-eabi/5.4.1/../../../../arm-none-eabi/lib/armv7-m\libcr_c.a(printf.o)
                              d:/projetolpc/lpcxpresso_8.2.2_650/lpcxpresso/tools/bin/../lib/gcc/arm-none-eabi/5.4.1/../../../../arm-none-eabi/lib/armv7-m\libcr_c.a(fpprintf.o) (__vfprintf)
d:/projetolpc/lpcxpresso_8.2.2_650/lpcxpresso/tools/bin/../lib/gcc/arm-none-eabi/5.4.1/../../../../arm-none-eabi/lib/armv7-m\libcr_c.a(setvbuf.o)
                              d:/projetolpc/lpcxpresso_8.2.2_650/lpcxpresso/tools/bin/../lib/gcc/arm-none-eabi/5.4.1/../../../../arm-none-eabi/lib/armv7-m\libcr_c.a(initio.o) (setvbuf)
d:/projetolpc/lpcxpresso_8.2.2_650/lpcxpresso/tools/bin/../lib/gcc/arm-none-eabi/5.4.1/../../../../arm-none-eabi/lib/armv7-m\libcr_c.a(stdio.o)
                              d:/projetolpc/lpcxpresso_8.2.2_650/lpcxpresso/tools/bin/../lib/gcc/arm-none-eabi/5.4.1/../../../../arm-none-eabi/lib/armv7-m\libcr_c.a(fpprintf.o) (__Ciob)
d:/projetolpc/lpcxpresso_8.2.2_650/lpcxpresso/tools/bin/../lib/gcc/arm-none-eabi/5.4.1/../../../../arm-none-eabi/lib/armv7-m\libcr_c.a(strlen.o)
                              ./Kernel/Core/event.o (strlen)
d:/projetolpc/lpcxpresso_8.2.2_650/lpcxpresso/tools/bin/../lib/gcc/arm-none-eabi/5.4.1/../../../../arm-none-eabi/lib/armv7-m\libcr_c.a(strncpy.o)
                              ./Kernel/Core/event.o (strncpy)
d:/projetolpc/lpcxpresso_8.2.2_650/lpcxpresso/tools/bin/../lib/gcc/arm-none-eabi/5.4.1/../../../../arm-none-eabi/lib/armv7-m\libcr_c.a(memset.o)
                              d:/projetolpc/lpcxpresso_8.2.2_650/lpcxpresso/tools/bin/../lib/gcc/arm-none-eabi/5.4.1/../../../../arm-none-eabi/lib/armv7-m\libcr_c.a(alloc.o) (memset)
d:/projetolpc/lpcxpresso_8.2.2_650/lpcxpresso/tools/bin/../lib/gcc/arm-none-eabi/5.4.1/../../../../arm-none-eabi/lib/armv7-m\libcr_c.a(__fillbuf.o)
                              d:/projetolpc/lpcxpresso_8.2.2_650/lpcxpresso/tools/bin/../lib/gcc/arm-none-eabi/5.4.1/../../../../arm-none-eabi/lib/armv7-m\libcr_c.a(stdio.o) (__filbuf)
d:/projetolpc/lpcxpresso_8.2.2_650/lpcxpresso/tools/bin/../lib/gcc/arm-none-eabi/5.4.1/../../../../arm-none-eabi/lib/armv7-m\libcr_c.a(__init_alloc.o)
                              d:/projetolpc/lpcxpresso_8.2.2_650/lpcxpresso/tools/bin/../lib/gcc/arm-none-eabi/5.4.1/../../../../arm-none-eabi/lib/armv7-m\libcr_c.a(alloc.o) (__heaps)
d:/projetolpc/lpcxpresso_8.2.2_650/lpcxpresso/tools/bin/../lib/gcc/arm-none-eabi/5.4.1/../../../../arm-none-eabi/lib/armv7-m\libcr_c.a(_cr_sbrk.o)
                              d:/projetolpc/lpcxpresso_8.2.2_650/lpcxpresso/tools/bin/../lib/gcc/arm-none-eabi/5.4.1/../../../../arm-none-eabi/lib/armv7-m\libcr_c.a(alloc.o) (_sbrk)
d:/projetolpc/lpcxpresso_8.2.2_650/lpcxpresso/tools/bin/../lib/gcc/arm-none-eabi/5.4.1/../../../../arm-none-eabi/lib/armv7-m\libcr_c.a(_deferredlazyseek.o)
                              d:/projetolpc/lpcxpresso_8.2.2_650/lpcxpresso/tools/bin/../lib/gcc/arm-none-eabi/5.4.1/../../../../arm-none-eabi/lib/armv7-m\libcr_c.a(__fillbuf.o) (_deferredlazyseek)
d:/projetolpc/lpcxpresso_8.2.2_650/lpcxpresso/tools/bin/../lib/gcc/arm-none-eabi/5.4.1/../../../../arm-none-eabi/lib/armv7-m\libcr_c.a(_fdopen.o)
                              d:/projetolpc/lpcxpresso_8.2.2_650/lpcxpresso/tools/bin/../lib/gcc/arm-none-eabi/5.4.1/../../../../arm-none-eabi/lib/armv7-m\libcr_c.a(initio.o) (_fdopen)
d:/projetolpc/lpcxpresso_8.2.2_650/lpcxpresso/tools/bin/../lib/gcc/arm-none-eabi/5.4.1/../../../../arm-none-eabi/lib/armv7-m\libcr_c.a(_fflush.o)
[...]
Memory Configuration

Name             Origin             Length             Attributes
MFlash512        0x00000000         0x00080000         xr
RamLoc32         0x10000000         0x00008000         xrw
RamAHB32         0x2007c000         0x00008000         xrw
*default*        0x00000000         0xffffffff

Linker script and memory map

LOAD ./Middlewares/Log/Log.o
LOAD ./Kernel/Port/LPC17xx/port.o
LOAD ./Kernel/Core/AVLTree.o
LOAD ./Kernel/Core/event.o
LOAD ./Kernel/Core/list.o
LOAD ./Drivers/LPC17xx_HAL_Drivers/lpc17xx_clkpwr.o
LOAD ./Drivers/LPC17xx_HAL_Drivers/lpc17xx_i2c.o
LOAD ./Drivers/LPC17xx_HAL_Drivers/lpc17xx_libcfg_default.o
LOAD ./Drivers/LPC17xx_HAL_Drivers/lpc17xx_pinsel.o
LOAD ./Drivers/LPC17xx_HAL_Drivers/lpc17xx_rtc.o
LOAD ./Drivers/LPC17xx_HAL_Drivers/lpc17xx_uart.o
LOAD ./Drivers/CMSIS/LPC17xx/system_LPC17xx.o
LOAD ./Drivers/CMSIS/core_cm3.o
LOAD ./Drivers/BSP/EA-XPR-021/acc.o
LOAD ./Drivers/BSP/EA-XPR-021/light.o
LOAD ./Application/MultiEvents/Application.o
LOAD ./Application/MultiEvents/leds.o
LOAD ./Application/MultiEvents/main.o
LOAD ./Application/LPCXPRESSO/cr_startup_lpc17.o
START GROUP
LOAD d:/projetolpc/lpcxpresso_8.2.2_650/lpcxpresso/tools/bin/../lib/gcc/arm-none-eabi/5.4.1/../../../../arm-none-eabi/lib/armv7-m\libcr_semihost.a
LOAD d:/projetolpc/lpcxpresso_8.2.2_650/lpcxpresso/tools/bin/../lib/gcc/arm-none-eabi/5.4.1/../../../../arm-none-eabi/lib/armv7-m\libcr_c.a
LOAD d:/projetolpc/lpcxpresso_8.2.2_650/lpcxpresso/tools/bin/../lib/gcc/arm-none-eabi/5.4.1/armv7-m\libcr_eabihelpers.a
END GROUP
                0x00000000                __base_MFlash512 = 0x0
                0x00000000                __base_Flash = 0x0
                0x00080000                __top_MFlash512 = 0x80000
                0x00080000                __top_Flash = 0x80000
                0x10000000                __base_RamLoc32 = 0x10000000
                0x10000000                __base_RAM = 0x10000000
                0x10008000                __top_RamLoc32 = 0x10008000
                0x10008000                __top_RAM = 0x10008000
                0x2007c000                __base_RamAHB32 = 0x2007c000
                0x2007c000                __base_RAM2 = 0x2007c000
                0x20084000                __top_RamAHB32 = 0x20084000
                0x20084000                __top_RAM2 = 0x20084000

.text           0x00000000     0x4e08
 FILL mask 0xff
                0x00000000                __vectors_start__ = ABSOLUTE (.)
 *(.isr_vector)
 .isr_vector    0x00000000       0xcc ./Application/LPCXPRESSO/cr_startup_lpc17.o
                0x00000000                g_pfnVectors
                0x000000cc                . = ALIGN (0x4)
                0x000000cc                __section_table_start = .
                0x000000cc                __data_section_table = .
                0x000000cc        0x4 LONG 0x4e08 LOADADDR (.data)
                0x000000d0        0x4 LONG 0x10000000 ADDR (.data)
                0x000000d4        0x4 LONG 0x10 SIZEOF (.data)
                0x000000d8        0x4 LONG 0x4e08 LOADADDR (.data_RAM2)
                0x000000dc        0x4 LONG 0x2007c000 ADDR (.data_RAM2)
                0x000000e0        0x4 LONG 0x0 SIZEOF (.data_RAM2)
                0x000000e4                __data_section_table_end = .
                0x000000e4                __bss_section_table = .
                0x000000e4        0x4 LONG 0x10000010 ADDR (.bss)
                0x000000e8        0x4 LONG 0x2c4 SIZEOF (.bss)
                0x000000ec        0x4 LONG 0x2007c000 ADDR (.bss_RAM2)
                0x000000f0        0x4 LONG 0x0 SIZEOF (.bss_RAM2)
                0x000000f4                __bss_section_table_end = .
                0x000000f4                __section_table_end = .
 *(.after_vectors*)
 *(.text*)
 .text.Log_getDateTime
                0x000000f4       0x5c ./Middlewares/Log/Log.o
                0x000000f4                Log_getDateTime
 .text.Log_getHostIp
                0x00000150       0x4c ./Middlewares/Log/Log.o
                0x00000150                Log_getHostIp
 .text.Log_print
                0x0000019c       0xe8 ./Middlewares/Log/Log.o
                0x0000019c                Log_print
 .text.xPortStartScheduler
                0x00000284       0x20 ./Kernel/Port/LPC17xx/port.o
                0x00000284                xPortStartScheduler
 .text.vPortEnterSleepMode
                0x000002a4        0x8 ./Kernel/Port/LPC17xx/port.o
                0x000002a4                vPortEnterSleepMode
 .text.vPortStartRtc
                0x000002ac       0x20 ./Kernel/Port/LPC17xx/port.o
                0x000002ac                vPortStartRtc
 .text.vPortGenerateEvent
                0x000002cc       0x18 ./Kernel/Port/LPC17xx/port.o
                0x000002cc                vPortGenerateEvent
 .text.vPortDisableInterrupts
                0x000002e4       0x10 ./Kernel/Port/LPC17xx/port.o
                0x000002e4                vPortDisableInterrupts
 .text.vPortEnableInterrupts
                0x000002f4       0x10 ./Kernel/Port/LPC17xx/port.o
                0x000002f4                vPortEnableInterrupts
 .text.xPortPendSVHandler
                0x00000304        0xc ./Kernel/Port/LPC17xx/port.o
                0x00000304                xPortPendSVHandler
 .text.AVLTree_insertNode
                0x00000310      0x22c ./Kernel/Core/AVLTree.o
                0x00000310                AVLTree_insertNode
 .text.AVLTree_getHandler
                0x0000053c       0xac ./Kernel/Core/AVLTree.o
                0x0000053c                AVLTree_getHandler
 .text.AVLTree_nodeCpm
                0x000005e8       0x34 ./Kernel/Core/AVLTree.o
                0x000005e8                AVLTree_nodeCpm
 .text.AVLTree_height
                0x0000061c       0x58 ./Kernel/Core/AVLTree.o
                0x0000061c                AVLTree_height
 .text.AVLTree_nodeAlloc
                0x00000674       0x48 ./Kernel/Core/AVLTree.o
                0x00000674                AVLTree_nodeAlloc
 .text.AVLTree_leftRotate
                0x000006bc       0x2c ./Kernel/Core/AVLTree.o
                0x000006bc                AVLTree_leftRotate
 .text.AVLTree_rightRotate
                0x000006e8       0x2c ./Kernel/Core/AVLTree.o
                0x000006e8                AVLTree_rightRotate
 .text.prxEvent_getProcessStamp
                0x00000714       0x14 ./Kernel/Core/event.o
 .text.prvEvent_initializeEventLists
                0x00000728       0x38 ./Kernel/Core/event.o
 .text.prvEvent_initializeSubscriberLists
                0x00000760       0x34 ./Kernel/Core/event.o
 .text.prvEvent_initializeEventNameList
                0x00000794       0x30 ./Kernel/Core/event.o
 .text.prvEvent_initializeHashList
                0x000007c4       0x30 ./Kernel/Core/event.o
 .text.prvEvent_initializeSCBVariables
                0x000007f4       0x40 ./Kernel/Core/event.o
 .text.prvEvent_initializeECBVariables
                0x00000834       0x60 ./Kernel/Core/event.o
 .text.xEvent_calculateHash
                0x00000894       0x68 ./Kernel/Core/event.o
 .text.prvEvent_incrementProcessStamp
                0x000008fc       0x1c ./Kernel/Core/event.o
 .text.vEvent_initSystem
                0x00000918       0x24 ./Kernel/Core/event.o
                0x00000918                vEvent_initSystem
 .text.vEvent_startScheduler
                0x0000093c        0xc ./Kernel/Core/event.o
                0x0000093c                vEvent_startScheduler
 .text.uxEvent_createEvent
                0x00000948       0xe4 ./Kernel/Core/event.o
                0x00000948                uxEvent_createEvent
 .text.uxEvent_getEventHandler
                0x00000a2c       0x68 ./Kernel/Core/event.o
                0x00000a2c                uxEvent_getEventHandler
 .text.xEvent_subscribe
                0x00000a94       0x8c ./Kernel/Core/event.o
                0x00000a94                xEvent_subscribe
 .text.xEvent_publish
                0x00000b20       0xac ./Kernel/Core/event.o
                0x00000b20                xEvent_publish
 .text.vEvent_processEvents
                0x00000bcc       0xf8 ./Kernel/Core/event.o
                0x00000bcc                vEvent_processEvents
 .text.prvEvent_updateLifeTime
                0x00000cc4       0xc4 ./Kernel/Core/event.o
 .text.prpEvent_getNextEvent
                0x00000d88       0x60 ./Kernel/Core/event.o
 .text.prvEvent_increaseEventPriority
                0x00000de8       0x34 ./Kernel/Core/event.o
 .text.prvEvent_terminateEvent
                0x00000e1c       0x34 ./Kernel/Core/event.o
 .text.prvEvent_deleteECB
                0x00000e50       0x34 ./Kernel/Core/event.o
 .text.pxEvent_getVersion
                0x00000e84       0x14 ./Kernel/Core/event.o
                0x00000e84                pxEvent_getVersion
 .text.vList_initialize
                0x00000e98       0x48 ./Kernel/Core/list.o
                0x00000e98                vList_initialize
 .text.vList_initializeNode
                0x00000ee0       0x18 ./Kernel/Core/list.o
                0x00000ee0                vList_initializeNode
 .text.vList_insertHead
                0x00000ef8       0x48 ./Kernel/Core/list.o
                0x00000ef8                vList_insertHead
 .text.vList_insert
                0x00000f40       0x7c ./Kernel/Core/list.o
                0x00000f40                vList_insert
 .text.vList_remove
                0x00000fbc       0x3c ./Kernel/Core/list.o
                0x00000fbc                vList_remove
 .text.CLKPWR_SetPCLKDiv
                0x00000ff8       0x8c ./Drivers/LPC17xx_HAL_Drivers/lpc17xx_clkpwr.o
                0x00000ff8                CLKPWR_SetPCLKDiv
 .text.CLKPWR_GetPCLKSEL
                0x00001084       0x48 ./Drivers/LPC17xx_HAL_Drivers/lpc17xx_clkpwr.o
                0x00001084                CLKPWR_GetPCLKSEL
 .text.CLKPWR_GetPCLK
                0x000010cc       0x64 ./Drivers/LPC17xx_HAL_Drivers/lpc17xx_clkpwr.o
                0x000010cc                CLKPWR_GetPCLK
 .text.CLKPWR_ConfigPPWR
                0x00001130       0x58 ./Drivers/LPC17xx_HAL_Drivers/lpc17xx_clkpwr.o
                0x00001130                CLKPWR_ConfigPPWR
 .text.NVIC_EnableIRQ
                0x00001188       0x30 ./Drivers/LPC17xx_HAL_Drivers/lpc17xx_i2c.o
 .text.NVIC_DisableIRQ
                0x000011b8       0x34 ./Drivers/LPC17xx_HAL_Drivers/lpc17xx_i2c.o
 .text.I2C_getNum
                0x000011ec       0x48 ./Drivers/LPC17xx_HAL_Drivers/lpc17xx_i2c.o
 .text.I2C_Start
                0x00001234       0x3c ./Drivers/LPC17xx_HAL_Drivers/lpc17xx_i2c.o
 .text.I2C_Stop
                0x00001270       0x30 ./Drivers/LPC17xx_HAL_Drivers/lpc17xx_i2c.o
 .text.I2C_SendByte
                0x000012a0       0x4c ./Drivers/LPC17xx_HAL_Drivers/lpc17xx_i2c.o
 .text.I2C_GetByte
                0x000012ec       0x54 ./Drivers/LPC17xx_HAL_Drivers/lpc17xx_i2c.o
 .text.I2C_SetClock
                0x00001340       0xa4 ./Drivers/LPC17xx_HAL_Drivers/lpc17xx_i2c.o
 .text.I2C_Init
                0x000013e4       0xa4 ./Drivers/LPC17xx_HAL_Drivers/lpc17xx_i2c.o
                0x000013e4                I2C_Init
 .text.I2C_Cmd  0x00001488       0x70 ./Drivers/LPC17xx_HAL_Drivers/lpc17xx_i2c.o
                0x00001488                I2C_Cmd
 .text.I2C_IntCmd
                0x000014f8       0x88 ./Drivers/LPC17xx_HAL_Drivers/lpc17xx_i2c.o
                0x000014f8                I2C_IntCmd
 .text.I2C_MasterTransferData
                0x00001580      0x2cc ./Drivers/LPC17xx_HAL_Drivers/lpc17xx_i2c.o
                0x00001580                I2C_MasterTransferData
 .text.check_failed
                0x0000184c        0xc ./Drivers/LPC17xx_HAL_Drivers/lpc17xx_libcfg_default.o
                0x0000184c                check_failed
 .text.set_PinFunc
                0x00001858       0x84 ./Drivers/LPC17xx_HAL_Drivers/lpc17xx_pinsel.o
 .text.set_ResistorMode
                0x000018dc       0x84 ./Drivers/LPC17xx_HAL_Drivers/lpc17xx_pinsel.o
 .text.set_OpenDrainMode
                0x00001960       0x6c ./Drivers/LPC17xx_HAL_Drivers/lpc17xx_pinsel.o
 .text.PINSEL_ConfigPin
                0x000019cc       0x48 ./Drivers/LPC17xx_HAL_Drivers/lpc17xx_pinsel.o
                0x000019cc                PINSEL_ConfigPin
 .text.RTC_Init
                0x00001a14       0x50 ./Drivers/LPC17xx_HAL_Drivers/lpc17xx_rtc.o
                0x00001a14                RTC_Init
 .text.RTC_ResetClockTickCounter
                0x00001a64       0x48 ./Drivers/LPC17xx_HAL_Drivers/lpc17xx_rtc.o
                0x00001a64                RTC_ResetClockTickCounter
 .text.RTC_Cmd  0x00001aac       0x68 ./Drivers/LPC17xx_HAL_Drivers/lpc17xx_rtc.o
                0x00001aac                RTC_Cmd
 .text.SystemInit
                0x00001b14      0x140 ./Drivers/CMSIS/LPC17xx/system_LPC17xx.o
                0x00001b14                SystemInit
 .text.I2CRead  0x00001c54       0x50 ./Drivers/BSP/EA-XPR-021/light.o
 .text.I2CWrite
                0x00001ca4       0x50 ./Drivers/BSP/EA-XPR-021/light.o
 .text.light_enable
                0x00001cf4       0x3c ./Drivers/BSP/EA-XPR-021/light.o
                0x00001cf4                light_enable
 .text.light_read
                0x00001d30       0x74 ./Drivers/BSP/EA-XPR-021/light.o
                0x00001d30                light_read
 .text.NVIC_SetPriority
                0x00001da4       0x54 ./Application/MultiEvents/Application.o
 .text.SysTick_Config
                0x00001df8       0x44 ./Application/MultiEvents/Application.o
 .text.SysTick_Handler
                0x00001e3c       0xb4 ./Application/MultiEvents/Application.o
                0x00001e3c                SysTick_Handler
 .text.Application_initI2C
                0x00001ef0       0x48 ./Application/MultiEvents/Application.o
                0x00001ef0                Application_initI2C
 .text.Application_new
                0x00001f38      0x118 ./Application/MultiEvents/Application.o
                0x00001f38                Application_new
 .text.Application_initSysTick
                0x00002050       0x2c ./Application/MultiEvents/Application.o
                0x00002050                Application_initSysTick
 .text.Application_receiveLight
                0x0000207c       0x2c ./Application/MultiEvents/Application.o
                0x0000207c                Application_receiveLight
 .text.Application_receiveNewEvent
                0x000020a8       0x88 ./Application/MultiEvents/Application.o
                0x000020a8                Application_receiveNewEvent
 .text.Application_createdEventCallback
                0x00002130       0x34 ./Application/MultiEvents/Application.o
                0x00002130                Application_createdEventCallback
 .text.led2_init
                0x00002164       0x2c ./Application/MultiEvents/leds.o
                0x00002164                led2_init
 .text.led2_on  0x00002190       0x18 ./Application/MultiEvents/leds.o
                0x00002190                led2_on
 .text.led2_invert
                0x000021a8       0x30 ./Application/MultiEvents/leds.o
                0x000021a8                led2_invert
 .text.main     0x000021d8       0x38 ./Application/MultiEvents/main.o
                0x000021d8                main
 .text.ResetISR
                0x00002210       0x58 ./Application/LPCXPRESSO/cr_startup_lpc17.o
                0x00002210                ResetISR
 .text.NMI_Handler
                0x00002268        0x8 ./Application/LPCXPRESSO/cr_startup_lpc17.o
                0x00002268                NMI_Handler
 .text.HardFault_Handler
                0x00002270        0x8 ./Application/LPCXPRESSO/cr_startup_lpc17.o
                0x00002270                HardFault_Handler
 .text.MemManage_Handler
                0x00002278        0x8 ./Application/LPCXPRESSO/cr_startup_lpc17.o
                0x00002278                MemManage_Handler
 .text.BusFault_Handler
                0x00002280        0x8 ./Application/LPCXPRESSO/cr_startup_lpc17.o
                0x00002280                BusFault_Handler
 .text.UsageFault_Handler
                0x00002288        0x8 ./Application/LPCXPRESSO/cr_startup_lpc17.o
                0x00002288                UsageFault_Handler
 .text.SVCall_Handler
                0x00002290        0x8 ./Application/LPCXPRESSO/cr_startup_lpc17.o
                0x00002290                SVCall_Handler
 .text.DebugMon_Handler
                0x00002298        0x8 ./Application/LPCXPRESSO/cr_startup_lpc17.o
                0x00002298                DebugMon_Handler
 .text.IntDefaultHandler
                0x000022a0        0x8 ./Application/LPCXPRESSO/cr_startup_lpc17.o
                0x000022a0                TIMER2_IRQHandler
                0x000022a0                RIT_IRQHandler
                0x000022a0                I2C0_IRQHandler
                0x000022a0                USBActivity_IRQHandler
                0x000022a0                PWM1_IRQHandler
                0x000022a0                I2C1_IRQHandler
                0x000022a0                EINT2_IRQHandler
                0x000022a0                UART1_IRQHandler
                0x000022a0                EINT3_IRQHandler
                0x000022a0                CANActivity_IRQHandler
                0x000022a0                TIMER3_IRQHandler
                0x000022a0                UART0_IRQHandler
                0x000022a0                IntDefaultHandler
                0x000022a0                PLL0_IRQHandler
                0x000022a0                CAN_IRQHandler
                0x000022a0                PLL1_IRQHandler
                0x000022a0                SSP0_IRQHandler
                0x000022a0                I2S_IRQHandler
                0x000022a0                I2C2_IRQHandler
                0x000022a0                RTC_IRQHandler
                0x000022a0                TIMER0_IRQHandler
                0x000022a0                SPI_IRQHandler
                0x000022a0                EINT1_IRQHandler
                0x000022a0                TIMER1_IRQHandler
                0x000022a0                UART2_IRQHandler
                0x000022a0                ADC_IRQHandler
                0x000022a0                SSP1_IRQHandler
                0x000022a0                USB_IRQHandler
                0x000022a0                BOD_IRQHandler
                0x000022a0                WDT_IRQHandler
                0x000022a0                QEI_IRQHandler
                0x000022a0                EINT0_IRQHandler
                0x000022a0                DMA_IRQHandler
                0x000022a0                UART3_IRQHandler
                0x000022a0                MCPWM_IRQHandler
                0x000022a0                ENET_IRQHandler
 .text.__main   0x000022a8       0x14 d:/projetolpc/lpcxpresso_8.2.2_650/lpcxpresso/tools/bin/../lib/gcc/arm-none-eabi/5.4.1/../../../../arm-none-eabi/lib/armv7-m\libcr_semihost.a(_cr__main.o)
                0x000022a8                __CR_SEMIHOST
                0x000022a8                __main
 .text.memcpy   0x000022bc        0x4 d:/projetolpc/lpcxpresso_8.2.2_650/lpcxpresso/tools/bin/../lib/gcc/arm-none-eabi/5.4.1/../../../../arm-none-eabi/lib/armv7-m\libcr_c.a(memcpy.o)
                0x000022bc                memcpy
 .text.malloc   0x000022c0       0xc8 d:/projetolpc/lpcxpresso_8.2.2_650/lpcxpresso/tools/bin/../lib/gcc/arm-none-eabi/5.4.1/../../../../arm-none-eabi/lib/armv7-m\libcr_c.a(alloc.o)
                0x000022c0                malloc
 .text.free     0x00002388       0x30 d:/projetolpc/lpcxpresso_8.2.2_650/lpcxpresso/tools/bin/../lib/gcc/arm-none-eabi/5.4.1/../../../../arm-none-eabi/lib/armv7-m\libcr_c.a(alloc.o)
                0x00002388                free
 .text._Csys_alloc
                0x000023b8       0x20 d:/projetolpc/lpcxpresso_8.2.2_650/lpcxpresso/tools/bin/../lib/gcc/arm-none-eabi/5.4.1/../../../../arm-none-eabi/lib/armv7-m\libcr_c.a(alloc.o)
                0x000023b8                _Csys_alloc
 .text.fp_round
                0x000023d8       0x4c d:/projetolpc/lpcxpresso_8.2.2_650/lpcxpresso/tools/bin/../lib/gcc/arm-none-eabi/5.4.1/../../../../arm-none-eabi/lib/armv7-m\libcr_c.a(fpprintf.o)
 .text.pr_dec.constprop.1
                0x00002424       0x26 d:/projetolpc/lpcxpresso_8.2.2_650/lpcxpresso/tools/bin/../lib/gcc/arm-none-eabi/5.4.1/../../../../arm-none-eabi/lib/armv7-m\libcr_c.a(fpprintf.o)
 *fill*         0x0000244a        0x2 ff
 .text.sprintf  0x0000244c       0x6c d:/projetolpc/lpcxpresso_8.2.2_650/lpcxpresso/tools/bin/../lib/gcc/arm-none-eabi/5.4.1/../../../../arm-none-eabi/lib/armv7-m\libcr_c.a(fpprintf.o)
                0x0000244c                sprintf
 .text.fp_display
                0x000024b8      0x8ec d:/projetolpc/lpcxpresso_8.2.2_650/lpcxpresso/tools/bin/../lib/gcc/arm-none-eabi/5.4.1/../../../../arm-none-eabi/lib/armv7-m\libcr_c.a(fpprintf.o)
 .text.snprintf
                0x00002da4       0x68 d:/projetolpc/lpcxpresso_8.2.2_650/lpcxpresso/tools/bin/../lib/gcc/arm-none-eabi/5.4.1/../../../../arm-none-eabi/lib/armv7-m\libcr_c.a(fpprintf.o)
                0x00002da4                snprintf
 .text.vsnprintf
                0x00002e0c       0x5c d:/projetolpc/lpcxpresso_8.2.2_650/lpcxpresso/tools/bin/../lib/gcc/arm-none-eabi/5.4.1/../../../../arm-none-eabi/lib/armv7-m\libcr_c.a(fpprintf.o)
                0x00002e0c                vsnprintf
 .text.printf   0x00002e68       0x54 d:/projetolpc/lpcxpresso_8.2.2_650/lpcxpresso/tools/bin/../lib/gcc/arm-none-eabi/5.4.1/../../../../arm-none-eabi/lib/armv7-m\libcr_c.a(fpprintf.o)
                0x00002e68                printf
 .text._initio  0x00002ebc       0xa4 d:/projetolpc/lpcxpresso_8.2.2_650/lpcxpresso/tools/bin/../lib/gcc/arm-none-eabi/5.4.1/../../../../arm-none-eabi/lib/armv7-m\libcr_c.a(initio.o)
                0x00002ebc                _initio
 .text.__vfprintf
                0x00002f60      0xd28 d:/projetolpc/lpcxpresso_8.2.2_650/lpcxpresso/tools/bin/../lib/gcc/arm-none-eabi/5.4.1/../../../../arm-none-eabi/lib/armv7-m\libcr_c.a(printf.o)
                0x00002f60                __vfprintf
 .text.setvbuf  0x00003c88       0x40 d:/projetolpc/lpcxpresso_8.2.2_650/lpcxpresso/tools/bin/../lib/gcc/arm-none-eabi/5.4.1/../../../../arm-none-eabi/lib/armv7-m\libcr_c.a(setvbuf.o)
                0x00003c88                setvbuf
 .text.strlen   0x00003cc8       0x4a d:/projetolpc/lpcxpresso_8.2.2_650/lpcxpresso/tools/bin/../lib/gcc/arm-none-eabi/5.4.1/../../../../arm-none-eabi/lib/armv7-m\libcr_c.a(strlen.o)
                0x00003cc8                strlen
 .text.strncpy  0x00003d12       0x56 d:/projetolpc/lpcxpresso_8.2.2_650/lpcxpresso/tools/bin/../lib/gcc/arm-none-eabi/5.4.1/../../../../arm-none-eabi/lib/armv7-m\libcr_c.a(strncpy.o)
                0x00003d12                strncpy
 .text.memset   0x00003d68        0x4 d:/projetolpc/lpcxpresso_8.2.2_650/lpcxpresso/tools/bin/../lib/gcc/arm-none-eabi/5.4.1/../../../../arm-none-eabi/lib/armv7-m\libcr_c.a(memset.o)
                0x00003d68                memset
 .text._sbrk    0x00003d6c       0x40 d:/projetolpc/lpcxpresso_8.2.2_650/lpcxpresso/tools/bin/../lib/gcc/arm-none-eabi/5.4.1/../../../../arm-none-eabi/lib/armv7-m\libcr_c.a(_cr_sbrk.o)
                0x00003d6c                _sbrk
 .text._deferredlazyseek
                0x00003dac       0x44 d:/projetolpc/lpcxpresso_8.2.2_650/lpcxpresso/tools/bin/../lib/gcc/arm-none-eabi/5.4.1/../../../../arm-none-eabi/lib/armv7-m\libcr_c.a(_deferredlazyseek.o)
                0x00003dac                _deferredlazyseek
 .text.__flsbuf
                0x00003df0      0x140 d:/projetolpc/lpcxpresso_8.2.2_650/lpcxpresso/tools/bin/../lib/gcc/arm-none-eabi/5.4.1/../../../../arm-none-eabi/lib/armv7-m\libcr_c.a(_deferredlazyseek.o)
                0x00003df0                __flsbuf
 .text._fdopen  0x00003f30       0x6a d:/projetolpc/lpcxpresso_8.2.2_650/lpcxpresso/tools/bin/../lib/gcc/arm-none-eabi/5.4.1/../../../../arm-none-eabi/lib/armv7-m\libcr_c.a(_fdopen.o)
                0x00003f30                _fdopen
 .text._fflush  0x00003f9a       0x58 d:/projetolpc/lpcxpresso_8.2.2_650/lpcxpresso/tools/bin/../lib/gcc/arm-none-eabi/5.4.1/../../../../arm-none-eabi/lib/armv7-m\libcr_c.a(_fflush.o)
                0x00003f9a                _fflush
 .text._frexpl  0x00003ff2       0x5a d:/projetolpc/lpcxpresso_8.2.2_650/lpcxpresso/tools/bin/../lib/gcc/arm-none-eabi/5.4.1/../../../../arm-none-eabi/lib/armv7-m\libcr_c.a(_frexpl.o)
                0x00003ff2                _frexpl
 .text._ldexpl  0x0000404c       0x4c d:/projetolpc/lpcxpresso_8.2.2_650/lpcxpresso/tools/bin/../lib/gcc/arm-none-eabi/5.4.1/../../../../arm-none-eabi/lib/armv7-m\libcr_c.a(_ldexpl.o)
                0x0000404c                _ldexpl
 .text._Cwritebuf
                0x00004098       0x68 d:/projetolpc/lpcxpresso_8.2.2_650/lpcxpresso/tools/bin/../lib/gcc/arm-none-eabi/5.4.1/../../../../arm-none-eabi/lib/armv7-m\libcr_c.a(_writebuf.o)
                0x00004098                _Cwritebuf
 .text.fclose   0x00004100       0x6c d:/projetolpc/lpcxpresso_8.2.2_650/lpcxpresso/tools/bin/../lib/gcc/arm-none-eabi/5.4.1/../../../../arm-none-eabi/lib/armv7-m\libcr_c.a(fclose.o)
                0x00004100                fclose
 .text.fflush   0x0000416c       0x30 d:/projetolpc/lpcxpresso_8.2.2_650/lpcxpresso/tools/bin/../lib/gcc/arm-none-eabi/5.4.1/../../../../arm-none-eabi/lib/armv7-m\libcr_c.a(fflush.o)
                0x0000416c                fflush
 .text.fseek    0x0000419c      0x110 d:/projetolpc/lpcxpresso_8.2.2_650/lpcxpresso/tools/bin/../lib/gcc/arm-none-eabi/5.4.1/../../../../arm-none-eabi/lib/armv7-m\libcr_c.a(fseek.o)
                0x0000419c                fseek
 .text.ftell    0x000042ac       0x4c d:/projetolpc/lpcxpresso_8.2.2_650/lpcxpresso/tools/bin/../lib/gcc/arm-none-eabi/5.4.1/../../../../arm-none-eabi/lib/armv7-m\libcr_c.a(ftell.o)
                0x000042ac                ftell
 .text.remove   0x000042f8       0x14 d:/projetolpc/lpcxpresso_8.2.2_650/lpcxpresso/tools/bin/../lib/gcc/arm-none-eabi/5.4.1/../../../../arm-none-eabi/lib/armv7-m\libcr_c.a(remove.o)
                0x000042f8                remove
 .text.__check_heap_overflow
                0x0000430c       0x18 d:/projetolpc/lpcxpresso_8.2.2_650/lpcxpresso/tools/bin/../lib/gcc/arm-none-eabi/5.4.1/../../../../arm-none-eabi/lib/armv7-m\libcr_c.a(_cr_check_heap.o)
                0x0000430c                __check_heap_overflow
 .text._do_fflush
                0x00004324       0x44 d:/projetolpc/lpcxpresso_8.2.2_650/lpcxpresso/tools/bin/../lib/gcc/arm-none-eabi/5.4.1/../../../../arm-none-eabi/lib/armv7-m\libcr_c.a(_do_fflush.o)
                0x00004324                _do_fflush
 .text.__aeabi_dmul
                0x00004368      0x110 d:/projetolpc/lpcxpresso_8.2.2_650/lpcxpresso/tools/bin/../lib/gcc/arm-none-eabi/5.4.1/armv7-m\libcr_eabihelpers.a(double.o)
                0x00004368                __aeabi_dmul
 .text.__aeabi_ddiv
                0x00004478      0x138 d:/projetolpc/lpcxpresso_8.2.2_650/lpcxpresso/tools/bin/../lib/gcc/arm-none-eabi/5.4.1/armv7-m\libcr_eabihelpers.a(double.o)
                0x00004478                __aeabi_ddiv
 .text.__aeabi_dsub
                0x000045b0      0x1a0 d:/projetolpc/lpcxpresso_8.2.2_650/lpcxpresso/tools/bin/../lib/gcc/arm-none-eabi/5.4.1/armv7-m\libcr_eabihelpers.a(double.o)
                0x000045b0                __aeabi_dsub
 .text.__aeabi_dadd
                0x00004750      0x10c d:/projetolpc/lpcxpresso_8.2.2_650/lpcxpresso/tools/bin/../lib/gcc/arm-none-eabi/5.4.1/armv7-m\libcr_eabihelpers.a(double.o)
                0x00004750                __aeabi_dadd
 .text.__aeabi_d2iz
                0x0000485c       0x40 d:/projetolpc/lpcxpresso_8.2.2_650/lpcxpresso/tools/bin/../lib/gcc/arm-none-eabi/5.4.1/armv7-m\libcr_eabihelpers.a(double.o)
                0x0000485c                __aeabi_d2iz
 .text.__bhs_ui2d
                0x0000489c       0x46 d:/projetolpc/lpcxpresso_8.2.2_650/lpcxpresso/tools/bin/../lib/gcc/arm-none-eabi/5.4.1/armv7-m\libcr_eabihelpers.a(double.o)
                0x0000489c                __bhs_ui2d
 .text.__aeabi_i2d
                0x000048e2       0x10 d:/projetolpc/lpcxpresso_8.2.2_650/lpcxpresso/tools/bin/../lib/gcc/arm-none-eabi/5.4.1/armv7-m\libcr_eabihelpers.a(double.o)
                0x000048e2                __aeabi_i2d
 .text.__aeabi_dcmpeq
                0x000048f2       0x2c d:/projetolpc/lpcxpresso_8.2.2_650/lpcxpresso/tools/bin/../lib/gcc/arm-none-eabi/5.4.1/armv7-m\libcr_eabihelpers.a(double.o)
                0x000048f2                __aeabi_dcmpeq
 .text.__aeabi_dcmplt
                0x0000491e       0x54 d:/projetolpc/lpcxpresso_8.2.2_650/lpcxpresso/tools/bin/../lib/gcc/arm-none-eabi/5.4.1/armv7-m\libcr_eabihelpers.a(double.o)
                0x0000491e                __aeabi_dcmplt
 .text.__aeabi_dcmple
                0x00004972       0x54 d:/projetolpc/lpcxpresso_8.2.2_650/lpcxpresso/tools/bin/../lib/gcc/arm-none-eabi/5.4.1/armv7-m\libcr_eabihelpers.a(double.o)
                0x00004972                __aeabi_dcmple
 .text.__aeabi_dcmpge
                0x000049c6       0x54 d:/projetolpc/lpcxpresso_8.2.2_650/lpcxpresso/tools/bin/../lib/gcc/arm-none-eabi/5.4.1/armv7-m\libcr_eabihelpers.a(double.o)
                0x000049c6                __aeabi_dcmpge
 .text.__aeabi_memcpy
                0x00004a1a       0x34 d:/projetolpc/lpcxpresso_8.2.2_650/lpcxpresso/tools/bin/../lib/gcc/arm-none-eabi/5.4.1/armv7-m\libcr_eabihelpers.a(memcpy.o)
                0x00004a1a                __aeabi_memcpy
                0x00004a24                __aeabi_memcpy8
                0x00004a24                __aeabi_memcpy4
 .text.__aeabi_memset_lowlevel
                0x00004a4e       0x32 d:/projetolpc/lpcxpresso_8.2.2_650/lpcxpresso/tools/bin/../lib/gcc/arm-none-eabi/5.4.1/armv7-m\libcr_eabihelpers.a(memcpy.o)
                0x00004a4e                __aeabi_lowlevel_memset
 .text.__sys_appexit
                0x00004a80        0xc d:/projetolpc/lpcxpresso_8.2.2_650/lpcxpresso/tools/bin/../lib/gcc/arm-none-eabi/5.4.1/../../../../arm-none-eabi/lib/armv7-m\libcr_semihost.a(__sys_appexit.o)
                0x00004a80                __sys_appexit
                0x00004a80                __exit
 .text.__sys_close
                0x00004a8c        0xc d:/projetolpc/lpcxpresso_8.2.2_650/lpcxpresso/tools/bin/../lib/gcc/arm-none-eabi/5.4.1/../../../../arm-none-eabi/lib/armv7-m\libcr_semihost.a(__sys_close.o)
                0x00004a8c                __sys_close
 .text.__sys_flen
                0x00004a98        0xc d:/projetolpc/lpcxpresso_8.2.2_650/lpcxpresso/tools/bin/../lib/gcc/arm-none-eabi/5.4.1/../../../../arm-none-eabi/lib/armv7-m\libcr_semihost.a(__sys_flen.o)
                0x00004a98                __sys_flen
 .text.__sys_istty
                0x00004aa4        0xc d:/projetolpc/lpcxpresso_8.2.2_650/lpcxpresso/tools/bin/../lib/gcc/arm-none-eabi/5.4.1/../../../../arm-none-eabi/lib/armv7-m\libcr_semihost.a(__sys_istty.o)
                0x00004aa4                __sys_istty
 .text.__sys_remove
                0x00004ab0        0xc d:/projetolpc/lpcxpresso_8.2.2_650/lpcxpresso/tools/bin/../lib/gcc/arm-none-eabi/5.4.1/../../../../arm-none-eabi/lib/armv7-m\libcr_semihost.a(__sys_remove.o)
                0x00004ab0                __sys_remove
 .text.__sys_seek
                0x00004abc        0xc d:/projetolpc/lpcxpresso_8.2.2_650/lpcxpresso/tools/bin/../lib/gcc/arm-none-eabi/5.4.1/../../../../arm-none-eabi/lib/armv7-m\libcr_semihost.a(__sys_seek.o)
                0x00004abc                __sys_seek
 .text.__sys_tmpnam
                0x00004ac8        0xc d:/projetolpc/lpcxpresso_8.2.2_650/lpcxpresso/tools/bin/../lib/gcc/arm-none-eabi/5.4.1/../../../../arm-none-eabi/lib/armv7-m\libcr_semihost.a(__sys_tmpnam.o)
                0x00004ac8                __sys_tmpnam
 .text.__sys_write
                0x00004ad4        0xc d:/projetolpc/lpcxpresso_8.2.2_650/lpcxpresso/tools/bin/../lib/gcc/arm-none-eabi/5.4.1/../../../../arm-none-eabi/lib/armv7-m\libcr_semihost.a(__sys_write.o)
                0x00004ad4                __sys_write
                0x00004ad4                __write
 *(.rodata .rodata.* .constdata .constdata.*)
 .rodata        0x00004ae0       0x4a ./Middlewares/Log/Log.o
 *fill*         0x00004b2a        0x2 ff
 .rodata        0x00004b2c        0x7 ./Kernel/Core/event.o
 *fill*         0x00004b33        0x1 ff
 .rodata        0x00004b34       0x5c ./Drivers/LPC17xx_HAL_Drivers/lpc17xx_i2c.o
 .rodata        0x00004b90       0x5c ./Drivers/LPC17xx_HAL_Drivers/lpc17xx_rtc.o
 .rodata        0x00004bec      0x18e ./Application/MultiEvents/Application.o
 .rodata.str1.1
                0x00004d7a       0x18 d:/projetolpc/lpcxpresso_8.2.2_650/lpcxpresso/tools/bin/../lib/gcc/arm-none-eabi/5.4.1/../../../../arm-none-eabi/lib/armv7-m\libcr_c.a(alloc.o)
 .rodata.str1.1
                0x00004d92       0x34 d:/projetolpc/lpcxpresso_8.2.2_650/lpcxpresso/tools/bin/../lib/gcc/arm-none-eabi/5.4.1/../../../../arm-none-eabi/lib/armv7-m\libcr_c.a(fpprintf.o)
                                 0x35 (size before relaxing)
 .rodata.str1.1
                0x00004dc6        0x4 d:/projetolpc/lpcxpresso_8.2.2_650/lpcxpresso/tools/bin/../lib/gcc/arm-none-eabi/5.4.1/../../../../arm-none-eabi/lib/armv7-m\libcr_c.a(initio.o)
 .rodata.str1.1
                0x00004dca       0x31 d:/projetolpc/lpcxpresso_8.2.2_650/lpcxpresso/tools/bin/../lib/gcc/arm-none-eabi/5.4.1/../../../../arm-none-eabi/lib/armv7-m\libcr_c.a(printf.o)
                                 0x38 (size before relaxing)
 *fill*         0x00004dfb        0x5 ff
 .rodata.__huge_vall
                0x00004e00        0x8 d:/projetolpc/lpcxpresso_8.2.2_650/lpcxpresso/tools/bin/../lib/gcc/arm-none-eabi/5.4.1/../../../../arm-none-eabi/lib/armv7-m\libcr_c.a(_hugeval.o)
                0x00004e00                __huge_vall
                0x00004e08                . = ALIGN (0x4)

.glue_7         0x00004e08        0x0
 .glue_7        0x00004e08        0x0 linker stubs

.glue_7t        0x00004e08        0x0
 .glue_7t       0x00004e08        0x0 linker stubs

.vfp11_veneer   0x00004e08        0x0
 .vfp11_veneer  0x00004e08        0x0 linker stubs

.v4_bx          0x00004e08        0x0
 .v4_bx         0x00004e08        0x0 linker stubs

.iplt           0x00004e08        0x0
 .iplt          0x00004e08        0x0 ./Middlewares/Log/Log.o

.rel.dyn        0x00004e08        0x0
 .rel.iplt      0x00004e08        0x0 ./Middlewares/Log/Log.o

.ARM.extab
 *(.ARM.extab* .gnu.linkonce.armextab.*)
                0x00004e08                __exidx_start = .

.ARM.exidx
 *(.ARM.exidx* .gnu.linkonce.armexidx.*)
                0x00004e08                __exidx_end = .
                0x00004e08                _etext = .

.data_RAM2      0x2007c000        0x0 load address 0x00004e08
 FILL mask 0xff
                [!provide]                PROVIDE (__start_data_RAM2, .)
 *(.ramfunc.$RAM2)
 *(.ramfunc.$RamAHB32)
 *(.data.$RAM2*)
 *(.data.$RamAHB32*)
                0x2007c000                . = ALIGN (0x4)
                [!provide]                PROVIDE (__end_data_RAM2, .)

.uninit_RESERVED
                0x10000000        0x0
 *(.bss.$RESERVED*)
                0x10000000                . = ALIGN (0x4)
                0x10000000                _end_uninit_RESERVED = .

.data           0x10000000       0x10 load address 0x00004e08
 FILL mask 0xff
                0x10000000                _data = .
 *(vtable)
 *(.ramfunc*)
 *(.data*)
 .data.uxNumberOfEventsCreated
                0x10000000        0x4 ./Kernel/Core/event.o
 .data.SystemCoreClock
                0x10000004        0x4 ./Drivers/CMSIS/LPC17xx/system_LPC17xx.o
                0x10000004                SystemCoreClock
 .data.range    0x10000008        0x4 ./Drivers/BSP/EA-XPR-021/light.o
 .data.width    0x1000000c        0x4 ./Drivers/BSP/EA-XPR-021/light.o
                0x10000010                . = ALIGN (0x4)
                0x10000010                _edata = .

.igot.plt       0x10000010        0x0 load address 0x00004e18
 .igot.plt      0x10000010        0x0 ./Middlewares/Log/Log.o

.bss_RAM2       0x2007c000        0x0
                [!provide]                PROVIDE (__start_bss_RAM2, .)
 *(.bss.$RAM2*)
 *(.bss.$RamAHB32*)
                0x2007c000                . = ALIGN ((. != 0x0)?0x4:0x1)
                [!provide]                PROVIDE (__end_bss_RAM2, .)

.bss            0x10000010      0x2c4
                0x10000010                _bss = .
 *(.bss*)
 .bss.pxEventsLists
                0x10000010       0x3c ./Kernel/Core/event.o
 .bss.pcEventNameList
                0x1000004c       0x78 ./Kernel/Core/event.o
 .bss.pxHashList
                0x100000c4       0x78 ./Kernel/Core/event.o
 .bss.ptagRoot  0x1000013c        0x4 ./Kernel/Core/event.o
 .bss.pxCurrentECB
                0x10000140        0x4 ./Kernel/Core/event.o
 .bss.uxCurrentNumberOfEvents
                0x10000144        0x4 ./Kernel/Core/event.o
 .bss.uxCurrentNumberOfSubscribers
                0x10000148        0x4 ./Kernel/Core/event.o
 .bss.uxProcessStamp
                0x1000014c        0x4 ./Kernel/Core/event.o
 .bss.pxSCB.4563
                0x10000150        0x4 ./Kernel/Core/event.o
 .bss.i2cdat    0x10000154       0x18 ./Drivers/LPC17xx_HAL_Drivers/lpc17xx_i2c.o
 .bss._extra    0x1000016c        0x4 d:/projetolpc/lpcxpresso_8.2.2_650/lpcxpresso/tools/bin/../lib/gcc/arm-none-eabi/5.4.1/../../../../arm-none-eabi/lib/armv7-m\libcr_c.a(initio.o)
                0x1000016c                _extra
 .bss.__Ciob    0x10000170      0x140 d:/projetolpc/lpcxpresso_8.2.2_650/lpcxpresso/tools/bin/../lib/gcc/arm-none-eabi/5.4.1/../../../../arm-none-eabi/lib/armv7-m\libcr_c.a(stdio.o)
                0x10000170                __Ciob
 .bss.__heaps   0x100002b0        0x4 d:/projetolpc/lpcxpresso_8.2.2_650/lpcxpresso/tools/bin/../lib/gcc/arm-none-eabi/5.4.1/../../../../arm-none-eabi/lib/armv7-m\libcr_c.a(__init_alloc.o)
                0x100002b0                __heaps
 .bss.__end_of_heap
                0x100002b4        0x4 d:/projetolpc/lpcxpresso_8.2.2_650/lpcxpresso/tools/bin/../lib/gcc/arm-none-eabi/5.4.1/../../../../arm-none-eabi/lib/armv7-m\libcr_c.a(__init_alloc.o)
                0x100002b4                __end_of_heap
 .bss.errno     0x100002b8        0x4 d:/projetolpc/lpcxpresso_8.2.2_650/lpcxpresso/tools/bin/../lib/gcc/arm-none-eabi/5.4.1/../../../../arm-none-eabi/lib/armv7-m\libcr_c.a(errno.o)
                0x100002b8                errno
 *(COMMON)
 COMMON         0x100002bc       0x18 ./Application/MultiEvents/Application.o
                0x100002bc                x
                0x100002c0                event2
                0x100002c4                event4
                0x100002c8                event1
                0x100002cc                event3
                0x100002d0                msTicks
                0x100002d4                . = ALIGN (0x4)
                0x100002d4                _ebss = .
                [!provide]                PROVIDE (end, .)

.noinit_RAM2    0x2007c000        0x0
 *(.noinit.$RAM2*)
 *(.noinit.$RamAHB32*)
                0x2007c000                . = ALIGN (0x4)

.noinit         0x100002d4        0x0
                0x100002d4                _noinit = .
 *(.noinit*)
                0x100002d4                . = ALIGN (0x4)
                0x100002d4                _end_noinit = .
                0x100002d4                PROVIDE (_pvHeapStart, DEFINED (__user_heap_base)?__user_heap_base:.)
                0x10008000                PROVIDE (_vStackTop, DEFINED (__user_stack_top)?__user_stack_top:(__top_RamLoc32 - 0x0))
                [!provide]                PROVIDE (__valid_user_code_checksum, (0x0 - ((((((_vStackTop + (ResetISR + 0x1)) + (NMI_Handler + 0x1)) + (HardFault_Handler + 0x1)) + (DEFINED (MemManage_Handler)?MemManage_Handler:0x0 + 0x1)) + (DEFINED (BusFault_Handler)?BusFault_Handler:0x0 + 0x1)) + (DEFINED (UsageFault_Handler)?UsageFault_Handler:0x0 + 0x1))))
OUTPUT(EventOS_example.axf elf32-littlearm)

.debug_info     0x00000000     0x5c69
 .debug_info    0x00000000      0x35b ./Middlewares/Log/Log.o
 .debug_info    0x0000035b      0x607 ./Kernel/Port/LPC17xx/port.o
 .debug_info    0x00000962      0x6df ./Kernel/Core/AVLTree.o
 .debug_info    0x00001041      0x994 ./Kernel/Core/event.o
 .debug_info    0x000019d5      0x259 ./Kernel/Core/list.o
 .debug_info    0x00001c2e      0x638 ./Drivers/LPC17xx_HAL_Drivers/lpc17xx_clkpwr.o
 .debug_info    0x00002266      0xcfe ./Drivers/LPC17xx_HAL_Drivers/lpc17xx_i2c.o
 .debug_info    0x00002f64       0xc5 ./Drivers/LPC17xx_HAL_Drivers/lpc17xx_libcfg_default.o
 .debug_info    0x00003029      0x459 ./Drivers/LPC17xx_HAL_Drivers/lpc17xx_pinsel.o
 .debug_info    0x00003482      0x957 ./Drivers/LPC17xx_HAL_Drivers/lpc17xx_rtc.o
 .debug_info    0x00003dd9      0x318 ./Drivers/CMSIS/LPC17xx/system_LPC17xx.o
 .debug_info    0x000040f1      0x706 ./Drivers/BSP/EA-XPR-021/light.o
 .debug_info    0x000047f7      0xc01 ./Application/MultiEvents/Application.o
 .debug_info    0x000053f8      0x543 ./Application/MultiEvents/leds.o
 .debug_info    0x0000593b      0x175 ./Application/MultiEvents/main.o
 .debug_info    0x00005ab0      0x1b9 ./Application/LPCXPRESSO/cr_startup_lpc17.o

.debug_abbrev   0x00000000     0x15d3
 .debug_abbrev  0x00000000      0x11a ./Middlewares/Log/Log.o
 .debug_abbrev  0x0000011a      0x1a9 ./Kernel/Port/LPC17xx/port.o
 .debug_abbrev  0x000002c3      0x18d ./Kernel/Core/AVLTree.o
 .debug_abbrev  0x00000450      0x246 ./Kernel/Core/event.o
 .debug_abbrev  0x00000696       0xbf ./Kernel/Core/list.o
 .debug_abbrev  0x00000755      0x1cc ./Drivers/LPC17xx_HAL_Drivers/lpc17xx_clkpwr.o
 .debug_abbrev  0x00000921      0x26e ./Drivers/LPC17xx_HAL_Drivers/lpc17xx_i2c.o
 .debug_abbrev  0x00000b8f       0x6c ./Drivers/LPC17xx_HAL_Drivers/lpc17xx_libcfg_default.o
 .debug_abbrev  0x00000bfb      0x143 ./Drivers/LPC17xx_HAL_Drivers/lpc17xx_pinsel.o
 .debug_abbrev  0x00000d3e      0x191 ./Drivers/LPC17xx_HAL_Drivers/lpc17xx_rtc.o
 .debug_abbrev  0x00000ecf       0xe6 ./Drivers/CMSIS/LPC17xx/system_LPC17xx.o
 .debug_abbrev  0x00000fb5      0x1d2 ./Drivers/BSP/EA-XPR-021/light.o
 .debug_abbrev  0x00001187      0x23a ./Application/MultiEvents/Application.o
 .debug_abbrev  0x000013c1       0xfc ./Application/MultiEvents/leds.o
 .debug_abbrev  0x000014bd       0x5f ./Application/MultiEvents/main.o
 .debug_abbrev  0x0000151c       0xb7 ./Application/LPCXPRESSO/cr_startup_lpc17.o

.debug_aranges  0x00000000      0x6a0
 .debug_aranges
                0x00000000       0x48 ./Middlewares/Log/Log.o
 .debug_aranges
                0x00000048       0x68 ./Kernel/Port/LPC17xx/port.o
 .debug_aranges
                0x000000b0       0x90 ./Kernel/Core/AVLTree.o
 .debug_aranges
                0x00000140       0xe0 ./Kernel/Core/event.o
 .debug_aranges
                0x00000220       0x40 ./Kernel/Core/list.o
 .debug_aranges
                0x00000260       0x58 ./Drivers/LPC17xx_HAL_Drivers/lpc17xx_clkpwr.o
 .debug_aranges
                0x000002b8       0xd0 ./Drivers/LPC17xx_HAL_Drivers/lpc17xx_i2c.o
 .debug_aranges
                0x00000388       0x20 ./Drivers/LPC17xx_HAL_Drivers/lpc17xx_libcfg_default.o
 .debug_aranges
                0x000003a8       0x48 ./Drivers/LPC17xx_HAL_Drivers/lpc17xx_pinsel.o
 .debug_aranges
                0x000003f0       0xb8 ./Drivers/LPC17xx_HAL_Drivers/lpc17xx_rtc.o
 .debug_aranges
                0x000004a8       0x28 ./Drivers/CMSIS/LPC17xx/system_LPC17xx.o
 .debug_aranges
                0x000004d0       0x98 ./Drivers/BSP/EA-XPR-021/light.o
 .debug_aranges
                0x00000568       0x70 ./Application/MultiEvents/Application.o
 .debug_aranges
                0x000005d8       0x38 ./Application/MultiEvents/leds.o
 .debug_aranges
                0x00000610       0x20 ./Application/MultiEvents/main.o
 .debug_aranges
                0x00000630       0x70 ./Application/LPCXPRESSO/cr_startup_lpc17.o

.debug_ranges   0x00000000      0x5a0
 .debug_ranges  0x00000000       0x38 ./Middlewares/Log/Log.o
 .debug_ranges  0x00000038       0x58 ./Kernel/Port/LPC17xx/port.o
 .debug_ranges  0x00000090       0x80 ./Kernel/Core/AVLTree.o
 .debug_ranges  0x00000110       0xd0 ./Kernel/Core/event.o
 .debug_ranges  0x000001e0       0x30 ./Kernel/Core/list.o
 .debug_ranges  0x00000210       0x48 ./Drivers/LPC17xx_HAL_Drivers/lpc17xx_clkpwr.o
 .debug_ranges  0x00000258       0xc0 ./Drivers/LPC17xx_HAL_Drivers/lpc17xx_i2c.o
 .debug_ranges  0x00000318       0x10 ./Drivers/LPC17xx_HAL_Drivers/lpc17xx_libcfg_default.o
 .debug_ranges  0x00000328       0x38 ./Drivers/LPC17xx_HAL_Drivers/lpc17xx_pinsel.o
 .debug_ranges  0x00000360       0xa8 ./Drivers/LPC17xx_HAL_Drivers/lpc17xx_rtc.o
 .debug_ranges  0x00000408       0x18 ./Drivers/CMSIS/LPC17xx/system_LPC17xx.o
 .debug_ranges  0x00000420       0x88 ./Drivers/BSP/EA-XPR-021/light.o
 .debug_ranges  0x000004a8       0x60 ./Application/MultiEvents/Application.o
 .debug_ranges  0x00000508       0x28 ./Application/MultiEvents/leds.o
 .debug_ranges  0x00000530       0x10 ./Application/MultiEvents/main.o
 .debug_ranges  0x00000540       0x60 ./Application/LPCXPRESSO/cr_startup_lpc17.o

.debug_macro    0x00000000     0x392d
 .debug_macro   0x00000000       0x88 ./Middlewares/Log/Log.o
 .debug_macro   0x00000088      0x88c ./Middlewares/Log/Log.o
 .debug_macro   0x00000914       0x10 ./Middlewares/Log/Log.o
 .debug_macro   0x00000924      0x12d ./Middlewares/Log/Log.o
 .debug_macro   0x00000a51      0x5b2 ./Middlewares/Log/Log.o
 .debug_macro   0x00001003       0x9a ./Middlewares/Log/Log.o
 .debug_macro   0x0000109d       0x1c ./Middlewares/Log/Log.o
 .debug_macro   0x000010b9      0x14c ./Kernel/Port/LPC17xx/port.o
 .debug_macro   0x00001205       0xa0 ./Kernel/Port/LPC17xx/port.o
 .debug_macro   0x000012a5       0x10 ./Kernel/Port/LPC17xx/port.o
 .debug_macro   0x000012b5       0x28 ./Kernel/Port/LPC17xx/port.o
 .debug_macro   0x000012dd       0xd6 ./Kernel/Port/LPC17xx/port.o
 .debug_macro   0x000013b3       0x2f ./Kernel/Port/LPC17xx/port.o
 .debug_macro   0x000013e2       0x1c ./Kernel/Port/LPC17xx/port.o
 .debug_macro   0x000013fe       0x1c ./Kernel/Port/LPC17xx/port.o
 .debug_macro   0x0000141a       0x1c ./Kernel/Port/LPC17xx/port.o
 .debug_macro   0x00001436       0x2e ./Kernel/Port/LPC17xx/port.o
 .debug_macro   0x00001464       0x18 ./Kernel/Port/LPC17xx/port.o
 .debug_macro   0x0000147c      0x7af ./Kernel/Port/LPC17xx/port.o
 .debug_macro   0x00001c2b      0x2c7 ./Kernel/Port/LPC17xx/port.o
 .debug_macro   0x00001ef2       0x5d ./Kernel/Port/LPC17xx/port.o
 .debug_macro   0x00001f4f      0x1aa ./Kernel/Port/LPC17xx/port.o
 .debug_macro   0x000020f9       0xd1 ./Kernel/Core/AVLTree.o
 .debug_macro   0x000021ca       0x28 ./Kernel/Core/AVLTree.o
 .debug_macro   0x000021f2       0xfe ./Kernel/Core/event.o
 .debug_macro   0x000022f0       0x16 ./Kernel/Core/event.o
 .debug_macro   0x00002306       0x10 ./Kernel/Core/event.o
 .debug_macro   0x00002316       0x7f ./Kernel/Core/list.o
 .debug_macro   0x00002395       0x8d ./Drivers/LPC17xx_HAL_Drivers/lpc17xx_clkpwr.o
 .debug_macro   0x00002422       0x64 ./Drivers/LPC17xx_HAL_Drivers/lpc17xx_clkpwr.o
 .debug_macro   0x00002486      0x2f4 ./Drivers/LPC17xx_HAL_Drivers/lpc17xx_clkpwr.o
 .debug_macro   0x0000277a       0xa8 ./Drivers/LPC17xx_HAL_Drivers/lpc17xx_i2c.o
 .debug_macro   0x00002822      0x18c ./Drivers/LPC17xx_HAL_Drivers/lpc17xx_i2c.o
 .debug_macro   0x000029ae      0x2fa ./Drivers/LPC17xx_HAL_Drivers/lpc17xx_i2c.o
 .debug_macro   0x00002ca8      0x146 ./Drivers/LPC17xx_HAL_Drivers/lpc17xx_i2c.o
 .debug_macro   0x00002dee       0xda ./Drivers/LPC17xx_HAL_Drivers/lpc17xx_i2c.o
 .debug_macro   0x00002ec8       0x5a ./Drivers/LPC17xx_HAL_Drivers/lpc17xx_libcfg_default.o
 .debug_macro   0x00002f22       0x5e ./Drivers/LPC17xx_HAL_Drivers/lpc17xx_libcfg_default.o
 .debug_macro   0x00002f80       0xd4 ./Drivers/LPC17xx_HAL_Drivers/lpc17xx_libcfg_default.o
 .debug_macro   0x00003054       0x8d ./Drivers/LPC17xx_HAL_Drivers/lpc17xx_pinsel.o
 .debug_macro   0x000030e1      0x140 ./Drivers/LPC17xx_HAL_Drivers/lpc17xx_pinsel.o
 .debug_macro   0x00003221       0x9f ./Drivers/LPC17xx_HAL_Drivers/lpc17xx_rtc.o
 .debug_macro   0x000032c0      0x12b ./Drivers/CMSIS/LPC17xx/system_LPC17xx.o
 .debug_macro   0x000033eb      0x139 ./Drivers/BSP/EA-XPR-021/light.o
 .debug_macro   0x00003524      0x16e ./Application/MultiEvents/Application.o
 .debug_macro   0x00003692       0x82 ./Application/MultiEvents/Application.o
 .debug_macro   0x00003714       0x34 ./Application/MultiEvents/Application.o
 .debug_macro   0x00003748       0x22 ./Application/MultiEvents/Application.o
 .debug_macro   0x0000376a       0x7f ./Application/MultiEvents/leds.o
 .debug_macro   0x000037e9       0xf2 ./Application/MultiEvents/main.o
 .debug_macro   0x000038db       0x52 ./Application/LPCXPRESSO/cr_startup_lpc17.o

.debug_line     0x00000000     0x3def
 .debug_line    0x00000000      0x1e9 ./Middlewares/Log/Log.o
 .debug_line    0x000001e9      0x4a3 ./Kernel/Port/LPC17xx/port.o
 .debug_line    0x0000068c      0x460 ./Kernel/Core/AVLTree.o
 .debug_line    0x00000aec      0x5f3 ./Kernel/Core/event.o
 .debug_line    0x000010df      0x266 ./Kernel/Core/list.o
 .debug_line    0x00001345      0x347 ./Drivers/LPC17xx_HAL_Drivers/lpc17xx_clkpwr.o
 .debug_line    0x0000168c      0x765 ./Drivers/LPC17xx_HAL_Drivers/lpc17xx_i2c.o
 .debug_line    0x00001df1      0x1c4 ./Drivers/LPC17xx_HAL_Drivers/lpc17xx_libcfg_default.o
 .debug_line    0x00001fb5      0x2df ./Drivers/LPC17xx_HAL_Drivers/lpc17xx_pinsel.o
 .debug_line    0x00002294      0x702 ./Drivers/LPC17xx_HAL_Drivers/lpc17xx_rtc.o
 .debug_line    0x00002996      0x293 ./Drivers/CMSIS/LPC17xx/system_LPC17xx.o
 .debug_line    0x00002c29      0x3d0 ./Drivers/BSP/EA-XPR-021/light.o
 .debug_line    0x00002ff9      0x604 ./Application/MultiEvents/Application.o
 .debug_line    0x000035fd      0x254 ./Application/MultiEvents/leds.o
 .debug_line    0x00003851      0x2f1 ./Application/MultiEvents/main.o
 .debug_line    0x00003b42      0x2ad ./Application/LPCXPRESSO/cr_startup_lpc17.o

.debug_str      0x00000000     0xe99e
 .debug_str     0x00000000     0x4329 ./Middlewares/Log/Log.o
                               0x43ea (size before relaxing)
 .debug_str     0x00004329     0x5820 ./Kernel/Port/LPC17xx/port.o
                               0x9721 (size before relaxing)
 .debug_str     0x00009b49      0x341 ./Kernel/Core/AVLTree.o
                               0x4e75 (size before relaxing)
 .debug_str     0x00009e8a      0x7a1 ./Kernel/Core/event.o
                               0x51e7 (size before relaxing)
 .debug_str     0x0000a62b       0xd7 ./Kernel/Core/list.o
                               0x3525 (size before relaxing)
 .debug_str     0x0000a702     0x148d ./Drivers/LPC17xx_HAL_Drivers/lpc17xx_clkpwr.o
                               0x93d7 (size before relaxing)
 .debug_str     0x0000bb8f     0x157e ./Drivers/LPC17xx_HAL_Drivers/lpc17xx_i2c.o
                               0xa710 (size before relaxing)
 .debug_str     0x0000d10d       0x79 ./Drivers/LPC17xx_HAL_Drivers/lpc17xx_libcfg_default.o
                               0x3fd8 (size before relaxing)
 .debug_str     0x0000d186      0x289 ./Drivers/LPC17xx_HAL_Drivers/lpc17xx_pinsel.o
                               0x864f (size before relaxing)
 .debug_str     0x0000d40f      0x2e7 ./Drivers/LPC17xx_HAL_Drivers/lpc17xx_rtc.o
                               0x9f25 (size before relaxing)
 .debug_str     0x0000d6f6      0x32f ./Drivers/CMSIS/LPC17xx/system_LPC17xx.o
                               0x81dc (size before relaxing)
 .debug_str     0x0000da25      0x4d9 ./Drivers/BSP/EA-XPR-021/light.o
                               0x8da9 (size before relaxing)
 .debug_str     0x0000defe      0x714 ./Application/MultiEvents/Application.o
                               0xa88f (size before relaxing)
 .debug_str     0x0000e612      0x1ad ./Application/MultiEvents/leds.o
                               0x8030 (size before relaxing)
 .debug_str     0x0000e7bf       0x57 ./Application/MultiEvents/main.o
                               0x4c04 (size before relaxing)
 .debug_str     0x0000e816      0x188 ./Application/LPCXPRESSO/cr_startup_lpc17.o
                               0x3db1 (size before relaxing)

.comment        0x00000000       0xdc
 .comment       0x00000000       0x6e ./Middlewares/Log/Log.o
                                 0x6f (size before relaxing)
 .comment       0x0000006e       0x6f ./Kernel/Port/LPC17xx/port.o
 .comment       0x0000006e       0x6f ./Kernel/Core/AVLTree.o
 .comment       0x0000006e       0x6f ./Kernel/Core/event.o
 .comment       0x0000006e       0x6f ./Kernel/Core/list.o
 .comment       0x0000006e       0x6f ./Drivers/LPC17xx_HAL_Drivers/lpc17xx_clkpwr.o
 .comment       0x0000006e       0x6f ./Drivers/LPC17xx_HAL_Drivers/lpc17xx_i2c.o
 .comment       0x0000006e       0x6f ./Drivers/LPC17xx_HAL_Drivers/lpc17xx_libcfg_default.o
 .comment       0x0000006e       0x6f ./Drivers/LPC17xx_HAL_Drivers/lpc17xx_pinsel.o
 .comment       0x0000006e       0x6f ./Drivers/LPC17xx_HAL_Drivers/lpc17xx_rtc.o
 .comment       0x0000006e       0x6f ./Drivers/CMSIS/LPC17xx/system_LPC17xx.o
 .comment       0x0000006e       0x6f ./Drivers/BSP/EA-XPR-021/light.o
 .comment       0x0000006e       0x6f ./Application/MultiEvents/Application.o
 .comment       0x0000006e       0x6f ./Application/MultiEvents/leds.o
 .comment       0x0000006e       0x6f ./Application/MultiEvents/main.o
 .comment       0x0000006e       0x6f ./Application/LPCXPRESSO/cr_startup_lpc17.o
 .comment       0x0000006e       0x6e d:/projetolpc/lpcxpresso_8.2.2_650/lpcxpresso/tools/bin/../lib/gcc/arm-none-eabi/5.4.1/../../../../arm-none-eabi/lib/armv7-m\libcr_semihost.a(_cr__main.o)
                                 0x6f (size before relaxing)
 .comment       0x000000dc       0x6f d:/projetolpc/lpcxpresso_8.2.2_650/lpcxpresso/tools/bin/../lib/gcc/arm-none-eabi/5.4.1/../../../../arm-none-eabi/lib/armv7-m\libcr_c.a(memcpy.o)
 .comment       0x000000dc       0x6f d:/projetolpc/lpcxpresso_8.2.2_650/lpcxpresso/tools/bin/../lib/gcc/arm-none-eabi/5.4.1/../../../../arm-none-eabi/lib/armv7-m\libcr_c.a(alloc.o)
 .comment       0x000000dc       0x6f d:/projetolpc/lpcxpresso_8.2.2_650/lpcxpresso/tools/bin/../lib/gcc/arm-none-eabi/5.4.1/../../../../arm-none-eabi/lib/armv7-m\libcr_c.a(fpprintf.o)
 .comment       0x000000dc       0x6f d:/projetolpc/lpcxpresso_8.2.2_650/lpcxpresso/tools/bin/../lib/gcc/arm-none-eabi/5.4.1/../../../../arm-none-eabi/lib/armv7-m\libcr_c.a(initio.o)
 .comment       0x000000dc       0x6f d:/projetolpc/lpcxpresso_8.2.2_650/lpcxpresso/tools/bin/../lib/gcc/arm-none-eabi/5.4.1/../../../../arm-none-eabi/lib/armv7-m\libcr_c.a(printf.o)
 .comment       0x000000dc       0x6f d:/projetolpc/lpcxpresso_8.2.2_650/lpcxpresso/tools/bin/../lib/gcc/arm-none-eabi/5.4.1/../../../../arm-none-eabi/lib/armv7-m\libcr_c.a(setvbuf.o)
 .comment       0x000000dc       0x6f d:/projetolpc/lpcxpresso_8.2.2_650/lpcxpresso/tools/bin/../lib/gcc/arm-none-eabi/5.4.1/../../../../arm-none-eabi/lib/armv7-m\libcr_c.a(stdio.o)
 .comment       0x000000dc       0x6f d:/projetolpc/lpcxpresso_8.2.2_650/lpcxpresso/tools/bin/../lib/gcc/arm-none-eabi/5.4.1/../../../../arm-none-eabi/lib/armv7-m\libcr_c.a(strlen.o)
 .comment       0x000000dc       0x6f d:/projetolpc/lpcxpresso_8.2.2_650/lpcxpresso/tools/bin/../lib/gcc/arm-none-eabi/5.4.1/../../../../arm-none-eabi/lib/armv7-m\libcr_c.a(strncpy.o)
 .comment       0x000000dc       0x6f d:/projetolpc/lpcxpresso_8.2.2_650/lpcxpresso/tools/bin/../lib/gcc/arm-none-eabi/5.4.1/../../../../arm-none-eabi/lib/armv7-m\libcr_c.a(memset.o)
 .comment       0x000000dc       0x6f d:/projetolpc/lpcxpresso_8.2.2_650/lpcxpresso/tools/bin/../lib/gcc/arm-none-eabi/5.4.1/../../../../arm-none-eabi/lib/armv7-m\libcr_c.a(__init_alloc.o)
 .comment       0x000000dc       0x6f d:/projetolpc/lpcxpresso_8.2.2_650/lpcxpresso/tools/bin/../lib/gcc/arm-none-eabi/5.4.1/../../../../arm-none-eabi/lib/armv7-m\libcr_c.a(_cr_sbrk.o)
 .comment       0x000000dc       0x6f d:/projetolpc/lpcxpresso_8.2.2_650/lpcxpresso/tools/bin/../lib/gcc/arm-none-eabi/5.4.1/../../../../arm-none-eabi/lib/armv7-m\libcr_c.a(_deferredlazyseek.o)
 .comment       0x000000dc       0x6f d:/projetolpc/lpcxpresso_8.2.2_650/lpcxpresso/tools/bin/../lib/gcc/arm-none-eabi/5.4.1/../../../../arm-none-eabi/lib/armv7-m\libcr_c.a(_fdopen.o)
 .comment       0x000000dc       0x6f d:/projetolpc/lpcxpresso_8.2.2_650/lpcxpresso/tools/bin/../lib/gcc/arm-none-eabi/5.4.1/../../../../arm-none-eabi/lib/armv7-m\libcr_c.a(_fflush.o)
 .comment       0x000000dc       0x6f d:/projetolpc/lpcxpresso_8.2.2_650/lpcxpresso/tools/bin/../lib/gcc/arm-none-eabi/5.4.1/../../../../arm-none-eabi/lib/armv7-m\libcr_c.a(_frexpl.o)
 .comment       0x000000dc       0x6f d:/projetolpc/lpcxpresso_8.2.2_650/lpcxpresso/tools/bin/../lib/gcc/arm-none-eabi/5.4.1/../../../../arm-none-eabi/lib/armv7-m\libcr_c.a(_ldexpl.o)
 .comment       0x000000dc       0x6f d:/projetolpc/lpcxpresso_8.2.2_650/lpcxpresso/tools/bin/../lib/gcc/arm-none-eabi/5.4.1/../../../../arm-none-eabi/lib/armv7-m\libcr_c.a(_writebuf.o)
 .comment       0x000000dc       0x6f d:/projetolpc/lpcxpresso_8.2.2_650/lpcxpresso/tools/bin/../lib/gcc/arm-none-eabi/5.4.1/../../../../arm-none-eabi/lib/armv7-m\libcr_c.a(errno.o)
 .comment       0x000000dc       0x6f d:/projetolpc/lpcxpresso_8.2.2_650/lpcxpresso/tools/bin/../lib/gcc/arm-none-eabi/5.4.1/../../../../arm-none-eabi/lib/armv7-m\libcr_c.a(fclose.o)
 .comment       0x000000dc       0x6f d:/projetolpc/lpcxpresso_8.2.2_650/lpcxpresso/tools/bin/../lib/gcc/arm-none-eabi/5.4.1/../../../../arm-none-eabi/lib/armv7-m\libcr_c.a(fflush.o)
 .comment       0x000000dc       0x6f d:/projetolpc/lpcxpresso_8.2.2_650/lpcxpresso/tools/bin/../lib/gcc/arm-none-eabi/5.4.1/../../../../arm-none-eabi/lib/armv7-m\libcr_c.a(fseek.o)
 .comment       0x000000dc       0x6f d:/projetolpc/lpcxpresso_8.2.2_650/lpcxpresso/tools/bin/../lib/gcc/arm-none-eabi/5.4.1/../../../../arm-none-eabi/lib/armv7-m\libcr_c.a(ftell.o)
 .comment       0x000000dc       0x6f d:/projetolpc/lpcxpresso_8.2.2_650/lpcxpresso/tools/bin/../lib/gcc/arm-none-eabi/5.4.1/../../../../arm-none-eabi/lib/armv7-m\libcr_c.a(remove.o)
 .comment       0x000000dc       0x6f d:/projetolpc/lpcxpresso_8.2.2_650/lpcxpresso/tools/bin/../lib/gcc/arm-none-eabi/5.4.1/../../../../arm-none-eabi/lib/armv7-m\libcr_c.a(_cr_check_heap.o)
 .comment       0x000000dc       0x6f d:/projetolpc/lpcxpresso_8.2.2_650/lpcxpresso/tools/bin/../lib/gcc/arm-none-eabi/5.4.1/../../../../arm-none-eabi/lib/armv7-m\libcr_c.a(_do_fflush.o)
 .comment       0x000000dc       0x6f d:/projetolpc/lpcxpresso_8.2.2_650/lpcxpresso/tools/bin/../lib/gcc/arm-none-eabi/5.4.1/../../../../arm-none-eabi/lib/armv7-m\libcr_c.a(_hugeval.o)
 .comment       0x000000dc       0x6f d:/projetolpc/lpcxpresso_8.2.2_650/lpcxpresso/tools/bin/../lib/gcc/arm-none-eabi/5.4.1/armv7-m\libcr_eabihelpers.a(double.o)

.ARM.attributes
                0x00000000       0x31
 .ARM.attributes
                0x00000000       0x33 ./Middlewares/Log/Log.o
 .ARM.attributes
                0x00000033       0x33 ./Kernel/Port/LPC17xx/port.o
 .ARM.attributes
                0x00000066       0x33 ./Kernel/Core/AVLTree.o
 .ARM.attributes
                0x00000099       0x33 ./Kernel/Core/event.o
 .ARM.attributes
                0x000000cc       0x33 ./Kernel/Core/list.o
 .ARM.attributes
                0x000000ff       0x33 ./Drivers/LPC17xx_HAL_Drivers/lpc17xx_clkpwr.o
 .ARM.attributes
                0x00000132       0x33 ./Drivers/LPC17xx_HAL_Drivers/lpc17xx_i2c.o
 .ARM.attributes
                0x00000165       0x33 ./Drivers/LPC17xx_HAL_Drivers/lpc17xx_libcfg_default.o
 .ARM.attributes
                0x00000198       0x33 ./Drivers/LPC17xx_HAL_Drivers/lpc17xx_pinsel.o
 .ARM.attributes
                0x000001cb       0x33 ./Drivers/LPC17xx_HAL_Drivers/lpc17xx_rtc.o
 .ARM.attributes
                0x000001fe       0x33 ./Drivers/CMSIS/LPC17xx/system_LPC17xx.o
 .ARM.attributes
                0x00000231       0x33 ./Drivers/BSP/EA-XPR-021/light.o
 .ARM.attributes
                0x00000264       0x33 ./Application/MultiEvents/Application.o
 .ARM.attributes
                0x00000297       0x33 ./Application/MultiEvents/leds.o
 .ARM.attributes
                0x000002ca       0x33 ./Application/MultiEvents/main.o
 .ARM.attributes
                0x000002fd       0x33 ./Application/LPCXPRESSO/cr_startup_lpc17.o
 .ARM.attributes
                0x00000330       0x33 d:/projetolpc/lpcxpresso_8.2.2_650/lpcxpresso/tools/bin/../lib/gcc/arm-none-eabi/5.4.1/../../../../arm-none-eabi/lib/armv7-m\libcr_semihost.a(_cr__main.o)
 .ARM.attributes
                0x00000363       0x33 d:/projetolpc/lpcxpresso_8.2.2_650/lpcxpresso/tools/bin/../lib/gcc/arm-none-eabi/5.4.1/../../../../arm-none-eabi/lib/armv7-m\libcr_c.a(memcpy.o)
 .ARM.attributes
                0x00000396       0x33 d:/projetolpc/lpcxpresso_8.2.2_650/lpcxpresso/tools/bin/../lib/gcc/arm-none-eabi/5.4.1/../../../../arm-none-eabi/lib/armv7-m\libcr_c.a(alloc.o)
 .ARM.attributes
                0x000003c9       0x33 d:/projetolpc/lpcxpresso_8.2.2_650/lpcxpresso/tools/bin/../lib/gcc/arm-none-eabi/5.4.1/../../../../arm-none-eabi/lib/armv7-m\libcr_c.a(fpprintf.o)
 .ARM.attributes
                0x000003fc       0x33 d:/projetolpc/lpcxpresso_8.2.2_650/lpcxpresso/tools/bin/../lib/gcc/arm-none-eabi/5.4.1/../../../../arm-none-eabi/lib/armv7-m\libcr_c.a(initio.o)
 .ARM.attributes
                0x0000042f       0x33 d:/projetolpc/lpcxpresso_8.2.2_650/lpcxpresso/tools/bin/../lib/gcc/arm-none-eabi/5.4.1/../../../../arm-none-eabi/lib/armv7-m\libcr_c.a(printf.o)
 .ARM.attributes
                0x00000462       0x33 d:/projetolpc/lpcxpresso_8.2.2_650/lpcxpresso/tools/bin/../lib/gcc/arm-none-eabi/5.4.1/../../../../arm-none-eabi/lib/armv7-m\libcr_c.a(setvbuf.o)
 .ARM.attributes
                0x00000495       0x33 d:/projetolpc/lpcxpresso_8.2.2_650/lpcxpresso/tools/bin/../lib/gcc/arm-none-eabi/5.4.1/../../../../arm-none-eabi/lib/armv7-m\libcr_c.a(stdio.o)
 .ARM.attributes
                0x000004c8       0x33 d:/projetolpc/lpcxpresso_8.2.2_650/lpcxpresso/tools/bin/../lib/gcc/arm-none-eabi/5.4.1/../../../../arm-none-eabi/lib/armv7-m\libcr_c.a(strlen.o)
 .ARM.attributes
                0x000004fb       0x33 d:/projetolpc/lpcxpresso_8.2.2_650/lpcxpresso/tools/bin/../lib/gcc/arm-none-eabi/5.4.1/../../../../arm-none-eabi/lib/armv7-m\libcr_c.a(strncpy.o)
 .ARM.attributes
                0x0000052e       0x33 d:/projetolpc/lpcxpresso_8.2.2_650/lpcxpresso/tools/bin/../lib/gcc/arm-none-eabi/5.4.1/../../../../arm-none-eabi/lib/armv7-m\libcr_c.a(memset.o)
 .ARM.attributes
                0x00000561       0x33 d:/projetolpc/lpcxpresso_8.2.2_650/lpcxpresso/tools/bin/../lib/gcc/arm-none-eabi/5.4.1/../../../../arm-none-eabi/lib/armv7-m\libcr_c.a(__init_alloc.o)
 .ARM.attributes
                0x00000594       0x33 d:/projetolpc/lpcxpresso_8.2.2_650/lpcxpresso/tools/bin/../lib/gcc/arm-none-eabi/5.4.1/../../../../arm-none-eabi/lib/armv7-m\libcr_c.a(_cr_sbrk.o)
 .ARM.attributes
                0x000005c7       0x33 d:/projetolpc/lpcxpresso_8.2.2_650/lpcxpresso/tools/bin/../lib/gcc/arm-none-eabi/5.4.1/../../../../arm-none-eabi/lib/armv7-m\libcr_c.a(_deferredlazyseek.o)
 .ARM.attributes
                0x000005fa       0x33 d:/projetolpc/lpcxpresso_8.2.2_650/lpcxpresso/tools/bin/../lib/gcc/arm-none-eabi/5.4.1/../../../../arm-none-eabi/lib/armv7-m\libcr_c.a(_fdopen.o)
 .ARM.attributes
                0x0000062d       0x33 d:/projetolpc/lpcxpresso_8.2.2_650/lpcxpresso/tools/bin/../lib/gcc/arm-none-eabi/5.4.1/../../../../arm-none-eabi/lib/armv7-m\libcr_c.a(_fflush.o)
 .ARM.attributes
                0x00000660       0x33 d:/projetolpc/lpcxpresso_8.2.2_650/lpcxpresso/tools/bin/../lib/gcc/arm-none-eabi/5.4.1/../../../../arm-none-eabi/lib/armv7-m\libcr_c.a(_frexpl.o)
 .ARM.attributes
                0x00000693       0x33 d:/projetolpc/lpcxpresso_8.2.2_650/lpcxpresso/tools/bin/../lib/gcc/arm-none-eabi/5.4.1/../../../../arm-none-eabi/lib/armv7-m\libcr_c.a(_ldexpl.o)
 .ARM.attributes
                0x000006c6       0x33 d:/projetolpc/lpcxpresso_8.2.2_650/lpcxpresso/tools/bin/../lib/gcc/arm-none-eabi/5.4.1/../../../../arm-none-eabi/lib/armv7-m\libcr_c.a(_writebuf.o)
 .ARM.attributes
                0x000006f9       0x33 d:/projetolpc/lpcxpresso_8.2.2_650/lpcxpresso/tools/bin/../lib/gcc/arm-none-eabi/5.4.1/../../../../arm-none-eabi/lib/armv7-m\libcr_c.a(errno.o)
 .ARM.attributes
                0x0000072c       0x33 d:/projetolpc/lpcxpresso_8.2.2_650/lpcxpresso/tools/bin/../lib/gcc/arm-none-eabi/5.4.1/../../../../arm-none-eabi/lib/armv7-m\libcr_c.a(fclose.o)
 .ARM.attributes
                0x0000075f       0x33 d:/projetolpc/lpcxpresso_8.2.2_650/lpcxpresso/tools/bin/../lib/gcc/arm-none-eabi/5.4.1/../../../../arm-none-eabi/lib/armv7-m\libcr_c.a(fflush.o)
 .ARM.attributes
                0x00000792       0x33 d:/projetolpc/lpcxpresso_8.2.2_650/lpcxpresso/tools/bin/../lib/gcc/arm-none-eabi/5.4.1/../../../../arm-none-eabi/lib/armv7-m\libcr_c.a(fseek.o)
 .ARM.attributes
                0x000007c5       0x33 d:/projetolpc/lpcxpresso_8.2.2_650/lpcxpresso/tools/bin/../lib/gcc/arm-none-eabi/5.4.1/../../../../arm-none-eabi/lib/armv7-m\libcr_c.a(ftell.o)
 .ARM.attributes
                0x000007f8       0x33 d:/projetolpc/lpcxpresso_8.2.2_650/lpcxpresso/tools/bin/../lib/gcc/arm-none-eabi/5.4.1/../../../../arm-none-eabi/lib/armv7-m\libcr_c.a(remove.o)
 .ARM.attributes
                0x0000082b       0x33 d:/projetolpc/lpcxpresso_8.2.2_650/lpcxpresso/tools/bin/../lib/gcc/arm-none-eabi/5.4.1/../../../../arm-none-eabi/lib/armv7-m\libcr_c.a(_cr_check_heap.o)
 .ARM.attributes
                0x0000085e       0x33 d:/projetolpc/lpcxpresso_8.2.2_650/lpcxpresso/tools/bin/../lib/gcc/arm-none-eabi/5.4.1/../../../../arm-none-eabi/lib/armv7-m\libcr_c.a(_do_fflush.o)
 .ARM.attributes
                0x00000891       0x33 d:/projetolpc/lpcxpresso_8.2.2_650/lpcxpresso/tools/bin/../lib/gcc/arm-none-eabi/5.4.1/../../../../arm-none-eabi/lib/armv7-m\libcr_c.a(_hugeval.o)
 .ARM.attributes
                0x000008c4       0x33 d:/projetolpc/lpcxpresso_8.2.2_650/lpcxpresso/tools/bin/../lib/gcc/arm-none-eabi/5.4.1/armv7-m\libcr_eabihelpers.a(double.o)
 .ARM.attributes
                0x000008f7       0x21 d:/projetolpc/lpcxpresso_8.2.2_650/lpcxpresso/tools/bin/../lib/gcc/arm-none-eabi/5.4.1/armv7-m\libcr_eabihelpers.a(memcpy.o)
 .ARM.attributes
                0x00000918       0x21 d:/projetolpc/lpcxpresso_8.2.2_650/lpcxpresso/tools/bin/../lib/gcc/arm-none-eabi/5.4.1/../../../../arm-none-eabi/lib/armv7-m\libcr_semihost.a(__sys_appexit.o)
 .ARM.attributes
                0x00000939       0x21 d:/projetolpc/lpcxpresso_8.2.2_650/lpcxpresso/tools/bin/../lib/gcc/arm-none-eabi/5.4.1/../../../../arm-none-eabi/lib/armv7-m\libcr_semihost.a(__sys_close.o)
 .ARM.attributes
                0x0000095a       0x21 d:/projetolpc/lpcxpresso_8.2.2_650/lpcxpresso/tools/bin/../lib/gcc/arm-none-eabi/5.4.1/../../../../arm-none-eabi/lib/armv7-m\libcr_semihost.a(__sys_flen.o)
 .ARM.attributes
                0x0000097b       0x21 d:/projetolpc/lpcxpresso_8.2.2_650/lpcxpresso/tools/bin/../lib/gcc/arm-none-eabi/5.4.1/../../../../arm-none-eabi/lib/armv7-m\libcr_semihost.a(__sys_istty.o)
 .ARM.attributes
                0x0000099c       0x21 d:/projetolpc/lpcxpresso_8.2.2_650/lpcxpresso/tools/bin/../lib/gcc/arm-none-eabi/5.4.1/../../../../arm-none-eabi/lib/armv7-m\libcr_semihost.a(__sys_remove.o)
 .ARM.attributes
                0x000009bd       0x21 d:/projetolpc/lpcxpresso_8.2.2_650/lpcxpresso/tools/bin/../lib/gcc/arm-none-eabi/5.4.1/../../../../arm-none-eabi/lib/armv7-m\libcr_semihost.a(__sys_seek.o)
 .ARM.attributes
                0x000009de       0x21 d:/projetolpc/lpcxpresso_8.2.2_650/lpcxpresso/tools/bin/../lib/gcc/arm-none-eabi/5.4.1/../../../../arm-none-eabi/lib/armv7-m\libcr_semihost.a(__sys_tmpnam.o)
 .ARM.attributes
                0x000009ff       0x21 d:/projetolpc/lpcxpresso_8.2.2_650/lpcxpresso/tools/bin/../lib/gcc/arm-none-eabi/5.4.1/../../../../arm-none-eabi/lib/armv7-m\libcr_semihost.a(__sys_write.o)

.debug_frame    0x00000000     0x182c
 .debug_frame   0x00000000       0xfc ./Middlewares/Log/Log.o
 .debug_frame   0x000000fc      0x148 ./Kernel/Port/LPC17xx/port.o
 .debug_frame   0x00000244      0x290 ./Kernel/Core/AVLTree.o
 .debug_frame   0x000004d4      0x3b0 ./Kernel/Core/event.o
 .debug_frame   0x00000884       0xd8 ./Kernel/Core/list.o
 .debug_frame   0x0000095c      0x12c ./Drivers/LPC17xx_HAL_Drivers/lpc17xx_clkpwr.o
 .debug_frame   0x00000a88      0x374 ./Drivers/LPC17xx_HAL_Drivers/lpc17xx_i2c.o
 .debug_frame   0x00000dfc       0x2c ./Drivers/LPC17xx_HAL_Drivers/lpc17xx_libcfg_default.o
 .debug_frame   0x00000e28       0xfc ./Drivers/LPC17xx_HAL_Drivers/lpc17xx_pinsel.o
 .debug_frame   0x00000f24      0x2e4 ./Drivers/LPC17xx_HAL_Drivers/lpc17xx_rtc.o
 .debug_frame   0x00001208       0x64 ./Drivers/CMSIS/LPC17xx/system_LPC17xx.o
 .debug_frame   0x0000126c      0x24c ./Drivers/BSP/EA-XPR-021/light.o
 .debug_frame   0x000014b8      0x190 ./Application/MultiEvents/Application.o
 .debug_frame   0x00001648       0x98 ./Application/MultiEvents/leds.o
 .debug_frame   0x000016e0       0x2c ./Application/MultiEvents/main.o
 .debug_frame   0x0000170c      0x120 ./Application/LPCXPRESSO/cr_startup_lpc17.o
