Archive member included to satisfy reference by file (symbol)

d:/projetolpc/lpcxpresso_8.2.2_650/lpcxpresso/tools/bin/../lib/gcc/arm-none-eabi/5.4.1/../../../../arm-none-eabi/lib/armv7-m\libcr_semihost.a(_cr__main.o)
                              ./Application/LPCXPRESSO/cr_startup_lpc17.o (__main)
d:/projetolpc/lpcxpresso_8.2.2_650/lpcxpresso/tools/bin/../lib/gcc/arm-none-eabi/5.4.1/../../../../arm-none-eabi/lib/armv7-m\libcr_c.a(memcpy.o)
                              ./Kernel/Core/event.o (memcpy)
d:/projetolpc/lpcxpresso_8.2.2_650/lpcxpresso/tools/bin/../lib/gcc/arm-none-eabi/5.4.1/../../../../arm-none-eabi/lib/armv7-m\libcr_c.a(alloc.o)
                              ./Kernel/Core/AVLTree.o (malloc)
d:/projetolpc/lpcxpresso_8.2.2_650/lpcxpresso/tools/bin/../lib/gcc/arm-none-eabi/5.4.1/../../../../arm-none-eabi/lib/armv7-m\libcr_c.a(fpprintf.o)
                              ./Kernel/Core/AVLTree.o (sprintf)
d:/projetolpc/lpcxpresso_8.2.2_650/lpcxpresso/tools/bin/../lib/gcc/arm-none-eabi/5.4.1/../../../../arm-none-eabi/lib/armv7-m\libcr_c.a(initio.o)
                              d:/projetolpc/lpcxpresso_8.2.2_650/lpcxpresso/tools/bin/../lib/gcc/arm-none-eabi/5.4.1/../../../../arm-none-eabi/lib/armv7-m\libcr_semihost.a(_cr__main.o) (_initio)
d:/projetolpc/lpcxpresso_8.2.2_650/lpcxpresso/tools/bin/../lib/gcc/arm-none-eabi/5.4.1/../../../../arm-none-eabi/lib/armv7-m\libcr_c.a(printf.o)
                              d:/projetolpc/lpcxpresso_8.2.2_650/lpcxpresso/tools/bin/../lib/gcc/arm-none-eabi/5.4.1/../../../../arm-none-eabi/lib/armv7-m\libcr_c.a(fpprintf.o) (__vfprintf)
d:/projetolpc/lpcxpresso_8.2.2_650/lpcxpresso/tools/bin/../lib/gcc/arm-none-eabi/5.4.1/../../../../arm-none-eabi/lib/armv7-m\libcr_c.a(setvbuf.o)
                              d:/projetolpc/lpcxpresso_8.2.2_650/lpcxpresso/tools/bin/../lib/gcc/arm-none-eabi/5.4.1/../../../../arm-none-eabi/lib/armv7-m\libcr_c.a(initio.o) (setvbuf)
d:/projetolpc/lpcxpresso_8.2.2_650/lpcxpresso/tools/bin/../lib/gcc/arm-none-eabi/5.4.1/../../../../arm-none-eabi/lib/armv7-m\libcr_c.a(stdio.o)
                              d:/projetolpc/lpcxpresso_8.2.2_650/lpcxpresso/tools/bin/../lib/gcc/arm-none-eabi/5.4.1/../../../../arm-none-eabi/lib/armv7-m\libcr_c.a(fpprintf.o) (__Ciob)
d:/projetolpc/lpcxpresso_8.2.2_650/lpcxpresso/tools/bin/../lib/gcc/arm-none-eabi/5.4.1/../../../../arm-none-eabi/lib/armv7-m\libcr_c.a(strcpy.o)
                              ./Application/MultiEvents/main.o (strcpy)
d:/projetolpc/lpcxpresso_8.2.2_650/lpcxpresso/tools/bin/../lib/gcc/arm-none-eabi/5.4.1/../../../../arm-none-eabi/lib/armv7-m\libcr_c.a(strlen.o)
                              ./Kernel/Core/event.o (strlen)
d:/projetolpc/lpcxpresso_8.2.2_650/lpcxpresso/tools/bin/../lib/gcc/arm-none-eabi/5.4.1/../../../../arm-none-eabi/lib/armv7-m\libcr_c.a(strncmp.o)
                              ./Kernel/Core/event.o (strncmp)
d:/projetolpc/lpcxpresso_8.2.2_650/lpcxpresso/tools/bin/../lib/gcc/arm-none-eabi/5.4.1/../../../../arm-none-eabi/lib/armv7-m\libcr_c.a(strncpy.o)
                              ./Kernel/Core/event.o (strncpy)
d:/projetolpc/lpcxpresso_8.2.2_650/lpcxpresso/tools/bin/../lib/gcc/arm-none-eabi/5.4.1/../../../../arm-none-eabi/lib/armv7-m\libcr_c.a(memset.o)
                              d:/projetolpc/lpcxpresso_8.2.2_650/lpcxpresso/tools/bin/../lib/gcc/arm-none-eabi/5.4.1/../../../../arm-none-eabi/lib/armv7-m\libcr_c.a(alloc.o) (memset)
d:/projetolpc/lpcxpresso_8.2.2_650/lpcxpresso/tools/bin/../lib/gcc/arm-none-eabi/5.4.1/../../../../arm-none-eabi/lib/armv7-m\libcr_c.a(__fillbuf.o)
                              d:/projetolpc/lpcxpresso_8.2.2_650/lpcxpresso/tools/bin/../lib/gcc/arm-none-eabi/5.4.1/../../../../arm-none-eabi/lib/armv7-m\libcr_c.a(stdio.o) (__filbuf)
d:/projetolpc/lpcxpresso_8.2.2_650/lpcxpresso/tools/bin/../lib/gcc/arm-none-eabi/5.4.1/../../../../arm-none-eabi/lib/armv7-m\libcr_c.a(__init_alloc.o)
                              d:/projetolpc/lpcxpresso_8.2.2_650/lpcxpresso/tools/bin/../lib/gcc/arm-none-eabi/5.4.1/../../../../arm-none-eabi/lib/armv7-m\libcr_c.a(alloc.o) (__heaps)
d:/projetolpc/lpcxpresso_8.2.2_650/lpcxpresso/tools/bin/../lib/gcc/arm-none-eabi/5.4.1/../../../../arm-none-eabi/lib/armv7-m\libcr_c.a(_cr_sbrk.o)
                              d:/projetolpc/lpcxpresso_8.2.2_650/lpcxpresso/tools/bin/../lib/gcc/arm-none-eabi/5.4.1/../../../../arm-none-eabi/lib/armv7-m\libcr_c.a(alloc.o) (_sbrk)
d:/projetolpc/lpcxpresso_8.2.2_650/lpcxpresso/tools/bin/../lib/gcc/arm-none-eabi/5.4.1/../../../../arm-none-eabi/lib/armv7-m\libcr_c.a(_deferredlazyseek.o)
                              d:/projetolpc/lpcxpresso_8.2.2_650/lpcxpresso/tools/bin/../lib/gcc/arm-none-eabi/5.4.1/../../../../arm-none-eabi/lib/armv7-m\libcr_c.a(__fillbuf.o) (_deferredlazyseek)
d:/projetolpc/lpcxpresso_8.2.2_650/lpcxpresso/tools/bin/../lib/gcc/arm-none-eabi/5.4.1/../../../../arm-none-eabi/lib/armv7-m\libcr_c.a(_fdopen.o)
[...]
Memory Configuration

Name             Origin             Length             Attributes
MFlash512        0x00000000         0x00080000         xr
RamLoc32         0x10000000         0x00008000         xrw
RamAHB32         0x2007c000         0x00008000         xrw
*default*        0x00000000         0xffffffff

Linker script and memory map

LOAD ./Middlewares/Log/Log.o
LOAD ./Kernel/Port/LPC17xx/port.o
LOAD ./Kernel/Core/AVLTree.o
LOAD ./Kernel/Core/event.o
LOAD ./Kernel/Core/list.o
LOAD ./Drivers/LPC17xx_HAL_Drivers/lpc17xx_clkpwr.o
LOAD ./Drivers/LPC17xx_HAL_Drivers/lpc17xx_i2c.o
LOAD ./Drivers/LPC17xx_HAL_Drivers/lpc17xx_libcfg_default.o
LOAD ./Drivers/LPC17xx_HAL_Drivers/lpc17xx_pinsel.o
LOAD ./Drivers/LPC17xx_HAL_Drivers/lpc17xx_rtc.o
LOAD ./Drivers/LPC17xx_HAL_Drivers/lpc17xx_uart.o
LOAD ./Drivers/CMSIS/LPC17xx/system_LPC17xx.o
LOAD ./Drivers/CMSIS/core_cm3.o
LOAD ./Drivers/BSP/EA-XPR-021/acc.o
LOAD ./Drivers/BSP/EA-XPR-021/light.o
LOAD ./Application/MultiEvents/Application.o
LOAD ./Application/MultiEvents/leds.o
LOAD ./Application/MultiEvents/main.o
LOAD ./Application/LPCXPRESSO/cr_startup_lpc17.o
START GROUP
LOAD d:/projetolpc/lpcxpresso_8.2.2_650/lpcxpresso/tools/bin/../lib/gcc/arm-none-eabi/5.4.1/../../../../arm-none-eabi/lib/armv7-m\libcr_semihost.a
LOAD d:/projetolpc/lpcxpresso_8.2.2_650/lpcxpresso/tools/bin/../lib/gcc/arm-none-eabi/5.4.1/../../../../arm-none-eabi/lib/armv7-m\libcr_c.a
LOAD d:/projetolpc/lpcxpresso_8.2.2_650/lpcxpresso/tools/bin/../lib/gcc/arm-none-eabi/5.4.1/armv7-m\libcr_eabihelpers.a
END GROUP
                0x00000000                __base_MFlash512 = 0x0
                0x00000000                __base_Flash = 0x0
                0x00080000                __top_MFlash512 = 0x80000
                0x00080000                __top_Flash = 0x80000
                0x10000000                __base_RamLoc32 = 0x10000000
                0x10000000                __base_RAM = 0x10000000
                0x10008000                __top_RamLoc32 = 0x10008000
                0x10008000                __top_RAM = 0x10008000
                0x2007c000                __base_RamAHB32 = 0x2007c000
                0x2007c000                __base_RAM2 = 0x2007c000
                0x20084000                __top_RamAHB32 = 0x20084000
                0x20084000                __top_RAM2 = 0x20084000

.text           0x00000000     0x3fc8
 FILL mask 0xff
                0x00000000                __vectors_start__ = ABSOLUTE (.)
 *(.isr_vector)
 .isr_vector    0x00000000       0xcc ./Application/LPCXPRESSO/cr_startup_lpc17.o
                0x00000000                g_pfnVectors
                0x000000cc                . = ALIGN (0x4)
                0x000000cc                __section_table_start = .
                0x000000cc                __data_section_table = .
                0x000000cc        0x4 LONG 0x3fc8 LOADADDR (.data)
                0x000000d0        0x4 LONG 0x10000000 ADDR (.data)
                0x000000d4        0x4 LONG 0x4 SIZEOF (.data)
                0x000000d8        0x4 LONG 0x3fc8 LOADADDR (.data_RAM2)
                0x000000dc        0x4 LONG 0x2007c000 ADDR (.data_RAM2)
                0x000000e0        0x4 LONG 0x0 SIZEOF (.data_RAM2)
                0x000000e4                __data_section_table_end = .
                0x000000e4                __bss_section_table = .
                0x000000e4        0x4 LONG 0x10000004 ADDR (.bss)
                0x000000e8        0x4 LONG 0x4ec SIZEOF (.bss)
                0x000000ec        0x4 LONG 0x2007c000 ADDR (.bss_RAM2)
                0x000000f0        0x4 LONG 0x0 SIZEOF (.bss_RAM2)
                0x000000f4                __bss_section_table_end = .
                0x000000f4                __section_table_end = .
 *(.after_vectors*)
 *(.text*)
 .text.Log_getDateTime
                0x000000f4       0x5c ./Middlewares/Log/Log.o
                0x000000f4                Log_getDateTime
 .text.Log_getHostIp
                0x00000150       0x4c ./Middlewares/Log/Log.o
                0x00000150                Log_getHostIp
 .text.Log_print
                0x0000019c       0xe8 ./Middlewares/Log/Log.o
                0x0000019c                Log_print
 .text.vPortGenerateEvent
                0x00000284       0x18 ./Kernel/Port/LPC17xx/port.o
                0x00000284                vPortGenerateEvent
 .text.vPortDisableInterrupts
                0x0000029c       0x10 ./Kernel/Port/LPC17xx/port.o
                0x0000029c                vPortDisableInterrupts
 .text.vPortEnableInterrupts
                0x000002ac       0x10 ./Kernel/Port/LPC17xx/port.o
                0x000002ac                vPortEnableInterrupts
 .text.xPortPendSVHandler
                0x000002bc        0xc ./Kernel/Port/LPC17xx/port.o
                0x000002bc                xPortPendSVHandler
 .text.AVLTree_insertNode
                0x000002c8      0x22c ./Kernel/Core/AVLTree.o
                0x000002c8                AVLTree_insertNode
 .text.AVLTree_getHandler
                0x000004f4       0xac ./Kernel/Core/AVLTree.o
                0x000004f4                AVLTree_getHandler
 .text.AVLTree_removeSpecificNode
                0x000005a0      0x228 ./Kernel/Core/AVLTree.o
                0x000005a0                AVLTree_removeSpecificNode
 .text.AVLTree_removeNode
                0x000007c8       0x58 ./Kernel/Core/AVLTree.o
                0x000007c8                AVLTree_removeNode
 .text.AVLTree_clearTree
                0x00000820       0x44 ./Kernel/Core/AVLTree.o
                0x00000820                AVLTree_clearTree
 .text.AVLTree_printTree
                0x00000864       0x30 ./Kernel/Core/AVLTree.o
                0x00000864                AVLTree_printTree
 .text.AVLTree_printNode
                0x00000894       0x3c ./Kernel/Core/AVLTree.o
                0x00000894                AVLTree_printNode
 .text.AVLTree_nodeCpm
                0x000008d0       0x34 ./Kernel/Core/AVLTree.o
                0x000008d0                AVLTree_nodeCpm
 .text.AVLTree_height
                0x00000904       0x58 ./Kernel/Core/AVLTree.o
                0x00000904                AVLTree_height
 .text.AVLTree_nodeAlloc
                0x0000095c       0x48 ./Kernel/Core/AVLTree.o
                0x0000095c                AVLTree_nodeAlloc
 .text.AVLTree_leftRotate
                0x000009a4       0x2c ./Kernel/Core/AVLTree.o
                0x000009a4                AVLTree_leftRotate
 .text.AVLTree_rightRotate
                0x000009d0       0x2c ./Kernel/Core/AVLTree.o
                0x000009d0                AVLTree_rightRotate
 .text.AVLTree_minValueNode
                0x000009fc       0x28 ./Kernel/Core/AVLTree.o
                0x000009fc                AVLTree_minValueNode
 .text.prxEvent_getProcessStamp
                0x00000a24       0x14 ./Kernel/Core/event.o
 .text.prvEvent_initializeECBVariables
                0x00000a38       0x78 ./Kernel/Core/event.o
 .text.xEvent_calculateHash
                0x00000ab0       0x68 ./Kernel/Core/event.o
 .text.prvEvent_incrementProcessStamp
                0x00000b18       0x1c ./Kernel/Core/event.o
 .text.uxEvent_getEventID
                0x00000b34       0x8c ./Kernel/Core/event.o
                0x00000b34                uxEvent_getEventID
 .text.xEvent_publish
                0x00000bc0       0xb4 ./Kernel/Core/event.o
                0x00000bc0                xEvent_publish
 .text.vEvent_processEvents
                0x00000c74       0xfc ./Kernel/Core/event.o
                0x00000c74                vEvent_processEvents
 .text.prvEvent_updateLifeTime
                0x00000d70       0xc4 ./Kernel/Core/event.o
 .text.prpEvent_getNextEvent
                0x00000e34       0x60 ./Kernel/Core/event.o
 .text.prvEvent_increaseEventPriority
                0x00000e94       0x34 ./Kernel/Core/event.o
 .text.prvEvent_terminateEvent
                0x00000ec8       0x34 ./Kernel/Core/event.o
 .text.prvEvent_deleteECB
                0x00000efc       0x34 ./Kernel/Core/event.o
 .text.pxEvent_getVersion
                0x00000f30       0x14 ./Kernel/Core/event.o
                0x00000f30                pxEvent_getVersion
 .text.vList_initializeNode
                0x00000f44       0x18 ./Kernel/Core/list.o
                0x00000f44                vList_initializeNode
 .text.vList_insert
                0x00000f5c       0x7c ./Kernel/Core/list.o
                0x00000f5c                vList_insert
 .text.vList_remove
                0x00000fd8       0x3c ./Kernel/Core/list.o
                0x00000fd8                vList_remove
 .text.SystemInit
                0x00001014      0x140 ./Drivers/CMSIS/LPC17xx/system_LPC17xx.o
                0x00001014                SystemInit
 .text.SysTick_Handler
                0x00001154       0xe4 ./Application/MultiEvents/Application.o
                0x00001154                SysTick_Handler
 .text.main     0x00001238      0x144 ./Application/MultiEvents/main.o
                0x00001238                main
 .text.ResetISR
                0x0000137c       0x58 ./Application/LPCXPRESSO/cr_startup_lpc17.o
                0x0000137c                ResetISR
 .text.NMI_Handler
                0x000013d4        0x8 ./Application/LPCXPRESSO/cr_startup_lpc17.o
                0x000013d4                NMI_Handler
 .text.HardFault_Handler
                0x000013dc        0x8 ./Application/LPCXPRESSO/cr_startup_lpc17.o
                0x000013dc                HardFault_Handler
 .text.MemManage_Handler
                0x000013e4        0x8 ./Application/LPCXPRESSO/cr_startup_lpc17.o
                0x000013e4                MemManage_Handler
 .text.BusFault_Handler
                0x000013ec        0x8 ./Application/LPCXPRESSO/cr_startup_lpc17.o
                0x000013ec                BusFault_Handler
 .text.UsageFault_Handler
                0x000013f4        0x8 ./Application/LPCXPRESSO/cr_startup_lpc17.o
                0x000013f4                UsageFault_Handler
 .text.SVCall_Handler
                0x000013fc        0x8 ./Application/LPCXPRESSO/cr_startup_lpc17.o
                0x000013fc                SVCall_Handler
 .text.DebugMon_Handler
                0x00001404        0x8 ./Application/LPCXPRESSO/cr_startup_lpc17.o
                0x00001404                DebugMon_Handler
 .text.IntDefaultHandler
                0x0000140c        0x8 ./Application/LPCXPRESSO/cr_startup_lpc17.o
                0x0000140c                TIMER2_IRQHandler
                0x0000140c                RIT_IRQHandler
                0x0000140c                I2C0_IRQHandler
                0x0000140c                USBActivity_IRQHandler
                0x0000140c                PWM1_IRQHandler
                0x0000140c                I2C1_IRQHandler
                0x0000140c                EINT2_IRQHandler
                0x0000140c                UART1_IRQHandler
                0x0000140c                EINT3_IRQHandler
                0x0000140c                CANActivity_IRQHandler
                0x0000140c                TIMER3_IRQHandler
                0x0000140c                UART0_IRQHandler
                0x0000140c                IntDefaultHandler
                0x0000140c                PLL0_IRQHandler
                0x0000140c                CAN_IRQHandler
                0x0000140c                PLL1_IRQHandler
                0x0000140c                SSP0_IRQHandler
                0x0000140c                I2S_IRQHandler
                0x0000140c                I2C2_IRQHandler
                0x0000140c                RTC_IRQHandler
                0x0000140c                TIMER0_IRQHandler
                0x0000140c                SPI_IRQHandler
                0x0000140c                EINT1_IRQHandler
                0x0000140c                TIMER1_IRQHandler
                0x0000140c                UART2_IRQHandler
                0x0000140c                ADC_IRQHandler
                0x0000140c                SSP1_IRQHandler
                0x0000140c                USB_IRQHandler
                0x0000140c                BOD_IRQHandler
                0x0000140c                WDT_IRQHandler
                0x0000140c                QEI_IRQHandler
                0x0000140c                EINT0_IRQHandler
                0x0000140c                DMA_IRQHandler
                0x0000140c                UART3_IRQHandler
                0x0000140c                MCPWM_IRQHandler
                0x0000140c                ENET_IRQHandler
 .text.__main   0x00001414       0x14 d:/projetolpc/lpcxpresso_8.2.2_650/lpcxpresso/tools/bin/../lib/gcc/arm-none-eabi/5.4.1/../../../../arm-none-eabi/lib/armv7-m\libcr_semihost.a(_cr__main.o)
                0x00001414                __CR_SEMIHOST
                0x00001414                __main
 .text.memcpy   0x00001428        0x4 d:/projetolpc/lpcxpresso_8.2.2_650/lpcxpresso/tools/bin/../lib/gcc/arm-none-eabi/5.4.1/../../../../arm-none-eabi/lib/armv7-m\libcr_c.a(memcpy.o)
                0x00001428                memcpy
 .text.malloc   0x0000142c       0xc8 d:/projetolpc/lpcxpresso_8.2.2_650/lpcxpresso/tools/bin/../lib/gcc/arm-none-eabi/5.4.1/../../../../arm-none-eabi/lib/armv7-m\libcr_c.a(alloc.o)
                0x0000142c                malloc
 .text.free     0x000014f4       0x30 d:/projetolpc/lpcxpresso_8.2.2_650/lpcxpresso/tools/bin/../lib/gcc/arm-none-eabi/5.4.1/../../../../arm-none-eabi/lib/armv7-m\libcr_c.a(alloc.o)
                0x000014f4                free
 .text._Csys_alloc
                0x00001524       0x20 d:/projetolpc/lpcxpresso_8.2.2_650/lpcxpresso/tools/bin/../lib/gcc/arm-none-eabi/5.4.1/../../../../arm-none-eabi/lib/armv7-m\libcr_c.a(alloc.o)
                0x00001524                _Csys_alloc
 .text.fp_round
                0x00001544       0x4c d:/projetolpc/lpcxpresso_8.2.2_650/lpcxpresso/tools/bin/../lib/gcc/arm-none-eabi/5.4.1/../../../../arm-none-eabi/lib/armv7-m\libcr_c.a(fpprintf.o)
 .text.pr_dec.constprop.1
                0x00001590       0x26 d:/projetolpc/lpcxpresso_8.2.2_650/lpcxpresso/tools/bin/../lib/gcc/arm-none-eabi/5.4.1/../../../../arm-none-eabi/lib/armv7-m\libcr_c.a(fpprintf.o)
 *fill*         0x000015b6        0x2 ff
 .text.sprintf  0x000015b8       0x6c d:/projetolpc/lpcxpresso_8.2.2_650/lpcxpresso/tools/bin/../lib/gcc/arm-none-eabi/5.4.1/../../../../arm-none-eabi/lib/armv7-m\libcr_c.a(fpprintf.o)
                0x000015b8                sprintf
 *fill*         0x00001624        0x4 ff
 .text.fp_display
                0x00001628      0x8ec d:/projetolpc/lpcxpresso_8.2.2_650/lpcxpresso/tools/bin/../lib/gcc/arm-none-eabi/5.4.1/../../../../arm-none-eabi/lib/armv7-m\libcr_c.a(fpprintf.o)
 .text.snprintf
                0x00001f14       0x68 d:/projetolpc/lpcxpresso_8.2.2_650/lpcxpresso/tools/bin/../lib/gcc/arm-none-eabi/5.4.1/../../../../arm-none-eabi/lib/armv7-m\libcr_c.a(fpprintf.o)
                0x00001f14                snprintf
 .text.vsnprintf
                0x00001f7c       0x5c d:/projetolpc/lpcxpresso_8.2.2_650/lpcxpresso/tools/bin/../lib/gcc/arm-none-eabi/5.4.1/../../../../arm-none-eabi/lib/armv7-m\libcr_c.a(fpprintf.o)
                0x00001f7c                vsnprintf
 .text.printf   0x00001fd8       0x54 d:/projetolpc/lpcxpresso_8.2.2_650/lpcxpresso/tools/bin/../lib/gcc/arm-none-eabi/5.4.1/../../../../arm-none-eabi/lib/armv7-m\libcr_c.a(fpprintf.o)
                0x00001fd8                printf
 .text._initio  0x0000202c       0xa4 d:/projetolpc/lpcxpresso_8.2.2_650/lpcxpresso/tools/bin/../lib/gcc/arm-none-eabi/5.4.1/../../../../arm-none-eabi/lib/armv7-m\libcr_c.a(initio.o)
                0x0000202c                _initio
 .text.__vfprintf
                0x000020d0      0xd28 d:/projetolpc/lpcxpresso_8.2.2_650/lpcxpresso/tools/bin/../lib/gcc/arm-none-eabi/5.4.1/../../../../arm-none-eabi/lib/armv7-m\libcr_c.a(printf.o)
                0x000020d0                __vfprintf
 .text.setvbuf  0x00002df8       0x40 d:/projetolpc/lpcxpresso_8.2.2_650/lpcxpresso/tools/bin/../lib/gcc/arm-none-eabi/5.4.1/../../../../arm-none-eabi/lib/armv7-m\libcr_c.a(setvbuf.o)
                0x00002df8                setvbuf
 .text.strcpy   0x00002e38       0x42 d:/projetolpc/lpcxpresso_8.2.2_650/lpcxpresso/tools/bin/../lib/gcc/arm-none-eabi/5.4.1/../../../../arm-none-eabi/lib/armv7-m\libcr_c.a(strcpy.o)
                0x00002e38                strcpy
 .text.strlen   0x00002e7a       0x4a d:/projetolpc/lpcxpresso_8.2.2_650/lpcxpresso/tools/bin/../lib/gcc/arm-none-eabi/5.4.1/../../../../arm-none-eabi/lib/armv7-m\libcr_c.a(strlen.o)
                0x00002e7a                strlen
 .text.strncmp  0x00002ec4       0x56 d:/projetolpc/lpcxpresso_8.2.2_650/lpcxpresso/tools/bin/../lib/gcc/arm-none-eabi/5.4.1/../../../../arm-none-eabi/lib/armv7-m\libcr_c.a(strncmp.o)
                0x00002ec4                strncmp
 .text.memset   0x00002f1a        0x4 d:/projetolpc/lpcxpresso_8.2.2_650/lpcxpresso/tools/bin/../lib/gcc/arm-none-eabi/5.4.1/../../../../arm-none-eabi/lib/armv7-m\libcr_c.a(memset.o)
                0x00002f1a                memset
 *fill*         0x00002f1e        0x2 ff
 .text._sbrk    0x00002f20       0x40 d:/projetolpc/lpcxpresso_8.2.2_650/lpcxpresso/tools/bin/../lib/gcc/arm-none-eabi/5.4.1/../../../../arm-none-eabi/lib/armv7-m\libcr_c.a(_cr_sbrk.o)
                0x00002f20                _sbrk
 .text._deferredlazyseek
                0x00002f60       0x44 d:/projetolpc/lpcxpresso_8.2.2_650/lpcxpresso/tools/bin/../lib/gcc/arm-none-eabi/5.4.1/../../../../arm-none-eabi/lib/armv7-m\libcr_c.a(_deferredlazyseek.o)
                0x00002f60                _deferredlazyseek
 .text.__flsbuf
                0x00002fa4      0x140 d:/projetolpc/lpcxpresso_8.2.2_650/lpcxpresso/tools/bin/../lib/gcc/arm-none-eabi/5.4.1/../../../../arm-none-eabi/lib/armv7-m\libcr_c.a(_deferredlazyseek.o)
                0x00002fa4                __flsbuf
 .text._fdopen  0x000030e4       0x6a d:/projetolpc/lpcxpresso_8.2.2_650/lpcxpresso/tools/bin/../lib/gcc/arm-none-eabi/5.4.1/../../../../arm-none-eabi/lib/armv7-m\libcr_c.a(_fdopen.o)
                0x000030e4                _fdopen
 .text._fflush  0x0000314e       0x58 d:/projetolpc/lpcxpresso_8.2.2_650/lpcxpresso/tools/bin/../lib/gcc/arm-none-eabi/5.4.1/../../../../arm-none-eabi/lib/armv7-m\libcr_c.a(_fflush.o)
                0x0000314e                _fflush
 .text._frexpl  0x000031a6       0x5a d:/projetolpc/lpcxpresso_8.2.2_650/lpcxpresso/tools/bin/../lib/gcc/arm-none-eabi/5.4.1/../../../../arm-none-eabi/lib/armv7-m\libcr_c.a(_frexpl.o)
                0x000031a6                _frexpl
 .text._ldexpl  0x00003200       0x4c d:/projetolpc/lpcxpresso_8.2.2_650/lpcxpresso/tools/bin/../lib/gcc/arm-none-eabi/5.4.1/../../../../arm-none-eabi/lib/armv7-m\libcr_c.a(_ldexpl.o)
                0x00003200                _ldexpl
 .text._Cwritebuf
                0x0000324c       0x68 d:/projetolpc/lpcxpresso_8.2.2_650/lpcxpresso/tools/bin/../lib/gcc/arm-none-eabi/5.4.1/../../../../arm-none-eabi/lib/armv7-m\libcr_c.a(_writebuf.o)
                0x0000324c                _Cwritebuf
 .text.fclose   0x000032b4       0x6c d:/projetolpc/lpcxpresso_8.2.2_650/lpcxpresso/tools/bin/../lib/gcc/arm-none-eabi/5.4.1/../../../../arm-none-eabi/lib/armv7-m\libcr_c.a(fclose.o)
                0x000032b4                fclose
 .text.fflush   0x00003320       0x30 d:/projetolpc/lpcxpresso_8.2.2_650/lpcxpresso/tools/bin/../lib/gcc/arm-none-eabi/5.4.1/../../../../arm-none-eabi/lib/armv7-m\libcr_c.a(fflush.o)
                0x00003320                fflush
 .text.fseek    0x00003350      0x110 d:/projetolpc/lpcxpresso_8.2.2_650/lpcxpresso/tools/bin/../lib/gcc/arm-none-eabi/5.4.1/../../../../arm-none-eabi/lib/armv7-m\libcr_c.a(fseek.o)
                0x00003350                fseek
 .text.ftell    0x00003460       0x4c d:/projetolpc/lpcxpresso_8.2.2_650/lpcxpresso/tools/bin/../lib/gcc/arm-none-eabi/5.4.1/../../../../arm-none-eabi/lib/armv7-m\libcr_c.a(ftell.o)
                0x00003460                ftell
 .text.remove   0x000034ac       0x14 d:/projetolpc/lpcxpresso_8.2.2_650/lpcxpresso/tools/bin/../lib/gcc/arm-none-eabi/5.4.1/../../../../arm-none-eabi/lib/armv7-m\libcr_c.a(remove.o)
                0x000034ac                remove
 .text.__check_heap_overflow
                0x000034c0       0x18 d:/projetolpc/lpcxpresso_8.2.2_650/lpcxpresso/tools/bin/../lib/gcc/arm-none-eabi/5.4.1/../../../../arm-none-eabi/lib/armv7-m\libcr_c.a(_cr_check_heap.o)
                0x000034c0                __check_heap_overflow
 .text._do_fflush
                0x000034d8       0x44 d:/projetolpc/lpcxpresso_8.2.2_650/lpcxpresso/tools/bin/../lib/gcc/arm-none-eabi/5.4.1/../../../../arm-none-eabi/lib/armv7-m\libcr_c.a(_do_fflush.o)
                0x000034d8                _do_fflush
 .text.__aeabi_dmul
                0x0000351c      0x110 d:/projetolpc/lpcxpresso_8.2.2_650/lpcxpresso/tools/bin/../lib/gcc/arm-none-eabi/5.4.1/armv7-m\libcr_eabihelpers.a(double.o)
                0x0000351c                __aeabi_dmul
 .text.__aeabi_ddiv
                0x0000362c      0x138 d:/projetolpc/lpcxpresso_8.2.2_650/lpcxpresso/tools/bin/../lib/gcc/arm-none-eabi/5.4.1/armv7-m\libcr_eabihelpers.a(double.o)
                0x0000362c                __aeabi_ddiv
 .text.__aeabi_dsub
                0x00003764      0x1a0 d:/projetolpc/lpcxpresso_8.2.2_650/lpcxpresso/tools/bin/../lib/gcc/arm-none-eabi/5.4.1/armv7-m\libcr_eabihelpers.a(double.o)
                0x00003764                __aeabi_dsub
 .text.__aeabi_dadd
                0x00003904      0x10c d:/projetolpc/lpcxpresso_8.2.2_650/lpcxpresso/tools/bin/../lib/gcc/arm-none-eabi/5.4.1/armv7-m\libcr_eabihelpers.a(double.o)
                0x00003904                __aeabi_dadd
 .text.__aeabi_d2iz
                0x00003a10       0x40 d:/projetolpc/lpcxpresso_8.2.2_650/lpcxpresso/tools/bin/../lib/gcc/arm-none-eabi/5.4.1/armv7-m\libcr_eabihelpers.a(double.o)
                0x00003a10                __aeabi_d2iz
 .text.__bhs_ui2d
                0x00003a50       0x46 d:/projetolpc/lpcxpresso_8.2.2_650/lpcxpresso/tools/bin/../lib/gcc/arm-none-eabi/5.4.1/armv7-m\libcr_eabihelpers.a(double.o)
                0x00003a50                __bhs_ui2d
 .text.__aeabi_i2d
                0x00003a96       0x10 d:/projetolpc/lpcxpresso_8.2.2_650/lpcxpresso/tools/bin/../lib/gcc/arm-none-eabi/5.4.1/armv7-m\libcr_eabihelpers.a(double.o)
                0x00003a96                __aeabi_i2d
 .text.__aeabi_dcmpeq
                0x00003aa6       0x2c d:/projetolpc/lpcxpresso_8.2.2_650/lpcxpresso/tools/bin/../lib/gcc/arm-none-eabi/5.4.1/armv7-m\libcr_eabihelpers.a(double.o)
                0x00003aa6                __aeabi_dcmpeq
 .text.__aeabi_dcmplt
                0x00003ad2       0x54 d:/projetolpc/lpcxpresso_8.2.2_650/lpcxpresso/tools/bin/../lib/gcc/arm-none-eabi/5.4.1/armv7-m\libcr_eabihelpers.a(double.o)
                0x00003ad2                __aeabi_dcmplt
 .text.__aeabi_dcmple
                0x00003b26       0x54 d:/projetolpc/lpcxpresso_8.2.2_650/lpcxpresso/tools/bin/../lib/gcc/arm-none-eabi/5.4.1/armv7-m\libcr_eabihelpers.a(double.o)
                0x00003b26                __aeabi_dcmple
 .text.__aeabi_dcmpge
                0x00003b7a       0x54 d:/projetolpc/lpcxpresso_8.2.2_650/lpcxpresso/tools/bin/../lib/gcc/arm-none-eabi/5.4.1/armv7-m\libcr_eabihelpers.a(double.o)
                0x00003b7a                __aeabi_dcmpge
 .text.__aeabi_memcpy
                0x00003bce       0x34 d:/projetolpc/lpcxpresso_8.2.2_650/lpcxpresso/tools/bin/../lib/gcc/arm-none-eabi/5.4.1/armv7-m\libcr_eabihelpers.a(memcpy.o)
                0x00003bce                __aeabi_memcpy
                0x00003bd8                __aeabi_memcpy8
                0x00003bd8                __aeabi_memcpy4
 .text.__aeabi_memset_lowlevel
                0x00003c02       0x32 d:/projetolpc/lpcxpresso_8.2.2_650/lpcxpresso/tools/bin/../lib/gcc/arm-none-eabi/5.4.1/armv7-m\libcr_eabihelpers.a(memcpy.o)
                0x00003c02                __aeabi_lowlevel_memset
 .text.__sys_appexit
                0x00003c34        0xc d:/projetolpc/lpcxpresso_8.2.2_650/lpcxpresso/tools/bin/../lib/gcc/arm-none-eabi/5.4.1/../../../../arm-none-eabi/lib/armv7-m\libcr_semihost.a(__sys_appexit.o)
                0x00003c34                __sys_appexit
                0x00003c34                __exit
 .text.__sys_close
                0x00003c40        0xc d:/projetolpc/lpcxpresso_8.2.2_650/lpcxpresso/tools/bin/../lib/gcc/arm-none-eabi/5.4.1/../../../../arm-none-eabi/lib/armv7-m\libcr_semihost.a(__sys_close.o)
                0x00003c40                __sys_close
 .text.__sys_flen
                0x00003c4c        0xc d:/projetolpc/lpcxpresso_8.2.2_650/lpcxpresso/tools/bin/../lib/gcc/arm-none-eabi/5.4.1/../../../../arm-none-eabi/lib/armv7-m\libcr_semihost.a(__sys_flen.o)
                0x00003c4c                __sys_flen
 .text.__sys_istty
                0x00003c58        0xc d:/projetolpc/lpcxpresso_8.2.2_650/lpcxpresso/tools/bin/../lib/gcc/arm-none-eabi/5.4.1/../../../../arm-none-eabi/lib/armv7-m\libcr_semihost.a(__sys_istty.o)
                0x00003c58                __sys_istty
 .text.__sys_remove
                0x00003c64        0xc d:/projetolpc/lpcxpresso_8.2.2_650/lpcxpresso/tools/bin/../lib/gcc/arm-none-eabi/5.4.1/../../../../arm-none-eabi/lib/armv7-m\libcr_semihost.a(__sys_remove.o)
                0x00003c64                __sys_remove
 .text.__sys_seek
                0x00003c70        0xc d:/projetolpc/lpcxpresso_8.2.2_650/lpcxpresso/tools/bin/../lib/gcc/arm-none-eabi/5.4.1/../../../../arm-none-eabi/lib/armv7-m\libcr_semihost.a(__sys_seek.o)
                0x00003c70                __sys_seek
 .text.__sys_tmpnam
                0x00003c7c        0xc d:/projetolpc/lpcxpresso_8.2.2_650/lpcxpresso/tools/bin/../lib/gcc/arm-none-eabi/5.4.1/../../../../arm-none-eabi/lib/armv7-m\libcr_semihost.a(__sys_tmpnam.o)
                0x00003c7c                __sys_tmpnam
 .text.__sys_write
                0x00003c88        0xc d:/projetolpc/lpcxpresso_8.2.2_650/lpcxpresso/tools/bin/../lib/gcc/arm-none-eabi/5.4.1/../../../../arm-none-eabi/lib/armv7-m\libcr_semihost.a(__sys_write.o)
                0x00003c88                __sys_write
                0x00003c88                __write
 *(.rodata .rodata.* .constdata .constdata.*)
 .rodata        0x00003c94       0x4a ./Middlewares/Log/Log.o
 *fill*         0x00003cde        0x2 ff
 .rodata        0x00003ce0       0x1a ./Kernel/Core/AVLTree.o
 *fill*         0x00003cfa        0x2 ff
 .rodata        0x00003cfc        0x7 ./Kernel/Core/event.o
 *fill*         0x00003d03        0x1 ff
 .rodata        0x00003d04      0x1b6 ./Application/MultiEvents/Application.o
 *fill*         0x00003eba        0x2 ff
 .rodata        0x00003ebc       0x7d ./Application/MultiEvents/main.o
 .rodata.str1.1
                0x00003f39       0x18 d:/projetolpc/lpcxpresso_8.2.2_650/lpcxpresso/tools/bin/../lib/gcc/arm-none-eabi/5.4.1/../../../../arm-none-eabi/lib/armv7-m\libcr_c.a(alloc.o)
 .rodata.str1.1
                0x00003f51       0x34 d:/projetolpc/lpcxpresso_8.2.2_650/lpcxpresso/tools/bin/../lib/gcc/arm-none-eabi/5.4.1/../../../../arm-none-eabi/lib/armv7-m\libcr_c.a(fpprintf.o)
                                 0x35 (size before relaxing)
 .rodata.str1.1
                0x00003f85        0x4 d:/projetolpc/lpcxpresso_8.2.2_650/lpcxpresso/tools/bin/../lib/gcc/arm-none-eabi/5.4.1/../../../../arm-none-eabi/lib/armv7-m\libcr_c.a(initio.o)
 .rodata.str1.1
                0x00003f89       0x31 d:/projetolpc/lpcxpresso_8.2.2_650/lpcxpresso/tools/bin/../lib/gcc/arm-none-eabi/5.4.1/../../../../arm-none-eabi/lib/armv7-m\libcr_c.a(printf.o)
                                 0x38 (size before relaxing)
 *fill*         0x00003fba        0x6 ff
 .rodata.__huge_vall
                0x00003fc0        0x8 d:/projetolpc/lpcxpresso_8.2.2_650/lpcxpresso/tools/bin/../lib/gcc/arm-none-eabi/5.4.1/../../../../arm-none-eabi/lib/armv7-m\libcr_c.a(_hugeval.o)
                0x00003fc0                __huge_vall
                0x00003fc8                . = ALIGN (0x4)

.glue_7         0x00003fc8        0x0
 .glue_7        0x00003fc8        0x0 linker stubs

.glue_7t        0x00003fc8        0x0
 .glue_7t       0x00003fc8        0x0 linker stubs

.vfp11_veneer   0x00003fc8        0x0
 .vfp11_veneer  0x00003fc8        0x0 linker stubs

.v4_bx          0x00003fc8        0x0
 .v4_bx         0x00003fc8        0x0 linker stubs

.iplt           0x00003fc8        0x0
 .iplt          0x00003fc8        0x0 ./Middlewares/Log/Log.o

.rel.dyn        0x00003fc8        0x0
 .rel.iplt      0x00003fc8        0x0 ./Middlewares/Log/Log.o

.ARM.extab
 *(.ARM.extab* .gnu.linkonce.armextab.*)
                0x00003fc8                __exidx_start = .

.ARM.exidx
 *(.ARM.exidx* .gnu.linkonce.armexidx.*)
                0x00003fc8                __exidx_end = .
                0x00003fc8                _etext = .

.data_RAM2      0x2007c000        0x0 load address 0x00003fc8
 FILL mask 0xff
                [!provide]                PROVIDE (__start_data_RAM2, .)
 *(.ramfunc.$RAM2)
 *(.ramfunc.$RamAHB32)
 *(.data.$RAM2*)
 *(.data.$RamAHB32*)
                0x2007c000                . = ALIGN (0x4)
                [!provide]                PROVIDE (__end_data_RAM2, .)

.uninit_RESERVED
                0x10000000        0x0
 *(.bss.$RESERVED*)
                0x10000000                . = ALIGN (0x4)
                0x10000000                _end_uninit_RESERVED = .

.data           0x10000000        0x4 load address 0x00003fc8
 FILL mask 0xff
                0x10000000                _data = .
 *(vtable)
 *(.ramfunc*)
 *(.data*)
 .data.uxNumberOfEventsCreated
                0x10000000        0x4 ./Kernel/Core/event.o
                0x10000004                . = ALIGN (0x4)
                0x10000004                _edata = .

.igot.plt       0x10000004        0x0 load address 0x00003fcc
 .igot.plt      0x10000004        0x0 ./Middlewares/Log/Log.o

.bss_RAM2       0x2007c000        0x0
                [!provide]                PROVIDE (__start_bss_RAM2, .)
 *(.bss.$RAM2*)
 *(.bss.$RamAHB32*)
                0x2007c000                . = ALIGN ((. != 0x0)?0x4:0x1)
                [!provide]                PROVIDE (__end_bss_RAM2, .)

.bss            0x10000004      0x4ec
                0x10000004                _bss = .
 *(.bss*)
 .bss.pxEventsLists
                0x10000004       0x3c ./Kernel/Core/event.o
 .bss.pxSubscriberLists
                0x10000040      0x258 ./Kernel/Core/event.o
 .bss.pcEventNameList
                0x10000298       0x78 ./Kernel/Core/event.o
 .bss.pxHashList
                0x10000310       0x78 ./Kernel/Core/event.o
 .bss.pxCurrentECB
                0x10000388        0x4 ./Kernel/Core/event.o
 .bss.uxCurrentNumberOfEvents
                0x1000038c        0x4 ./Kernel/Core/event.o
 .bss.uxProcessStamp
                0x10000390        0x4 ./Kernel/Core/event.o
 .bss.pxSCB.4570
                0x10000394        0x4 ./Kernel/Core/event.o
 .bss._extra    0x10000398        0x4 d:/projetolpc/lpcxpresso_8.2.2_650/lpcxpresso/tools/bin/../lib/gcc/arm-none-eabi/5.4.1/../../../../arm-none-eabi/lib/armv7-m\libcr_c.a(initio.o)
                0x10000398                _extra
 .bss.__Ciob    0x1000039c      0x140 d:/projetolpc/lpcxpresso_8.2.2_650/lpcxpresso/tools/bin/../lib/gcc/arm-none-eabi/5.4.1/../../../../arm-none-eabi/lib/armv7-m\libcr_c.a(stdio.o)
                0x1000039c                __Ciob
 .bss.__heaps   0x100004dc        0x4 d:/projetolpc/lpcxpresso_8.2.2_650/lpcxpresso/tools/bin/../lib/gcc/arm-none-eabi/5.4.1/../../../../arm-none-eabi/lib/armv7-m\libcr_c.a(__init_alloc.o)
                0x100004dc                __heaps
 .bss.__end_of_heap
                0x100004e0        0x4 d:/projetolpc/lpcxpresso_8.2.2_650/lpcxpresso/tools/bin/../lib/gcc/arm-none-eabi/5.4.1/../../../../arm-none-eabi/lib/armv7-m\libcr_c.a(__init_alloc.o)
                0x100004e0                __end_of_heap
 .bss.errno     0x100004e4        0x4 d:/projetolpc/lpcxpresso_8.2.2_650/lpcxpresso/tools/bin/../lib/gcc/arm-none-eabi/5.4.1/../../../../arm-none-eabi/lib/armv7-m\libcr_c.a(errno.o)
                0x100004e4                errno
 *(COMMON)
 COMMON         0x100004e8        0x8 ./Application/MultiEvents/Application.o
                0x100004e8                x
                0x100004ec                msTicks
                0x100004f0                . = ALIGN (0x4)
                0x100004f0                _ebss = .
                [!provide]                PROVIDE (end, .)

.noinit_RAM2    0x2007c000        0x0
 *(.noinit.$RAM2*)
 *(.noinit.$RamAHB32*)
                0x2007c000                . = ALIGN (0x4)

.noinit         0x100004f0        0x0
                0x100004f0                _noinit = .
 *(.noinit*)
                0x100004f0                . = ALIGN (0x4)
                0x100004f0                _end_noinit = .
                0x100004f0                PROVIDE (_pvHeapStart, DEFINED (__user_heap_base)?__user_heap_base:.)
                0x10008000                PROVIDE (_vStackTop, DEFINED (__user_stack_top)?__user_stack_top:(__top_RamLoc32 - 0x0))
                [!provide]                PROVIDE (__valid_user_code_checksum, (0x0 - ((((((_vStackTop + (ResetISR + 0x1)) + (NMI_Handler + 0x1)) + (HardFault_Handler + 0x1)) + (DEFINED (MemManage_Handler)?MemManage_Handler:0x0 + 0x1)) + (DEFINED (BusFault_Handler)?BusFault_Handler:0x0 + 0x1)) + (DEFINED (UsageFault_Handler)?UsageFault_Handler:0x0 + 0x1))))
OUTPUT(EventOS_example.axf elf32-littlearm)

.debug_info     0x00000000     0x2cf7
 .debug_info    0x00000000      0x35b ./Middlewares/Log/Log.o
 .debug_info    0x0000035b      0x607 ./Kernel/Port/LPC17xx/port.o
 .debug_info    0x00000962      0x6df ./Kernel/Core/AVLTree.o
 .debug_info    0x00001041      0x912 ./Kernel/Core/event.o
 .debug_info    0x00001953      0x259 ./Kernel/Core/list.o
 .debug_info    0x00001bac      0x318 ./Drivers/CMSIS/LPC17xx/system_LPC17xx.o
 .debug_info    0x00001ec4      0xa4e ./Application/MultiEvents/Application.o
 .debug_info    0x00002912      0x22c ./Application/MultiEvents/main.o
 .debug_info    0x00002b3e      0x1b9 ./Application/LPCXPRESSO/cr_startup_lpc17.o

.debug_abbrev   0x00000000      0xbc6
 .debug_abbrev  0x00000000      0x11a ./Middlewares/Log/Log.o
 .debug_abbrev  0x0000011a      0x1a9 ./Kernel/Port/LPC17xx/port.o
 .debug_abbrev  0x000002c3      0x18d ./Kernel/Core/AVLTree.o
 .debug_abbrev  0x00000450      0x22c ./Kernel/Core/event.o
 .debug_abbrev  0x0000067c       0xbf ./Kernel/Core/list.o
 .debug_abbrev  0x0000073b       0xe6 ./Drivers/CMSIS/LPC17xx/system_LPC17xx.o
 .debug_abbrev  0x00000821      0x23a ./Application/MultiEvents/Application.o
 .debug_abbrev  0x00000a5b       0xb4 ./Application/MultiEvents/main.o
 .debug_abbrev  0x00000b0f       0xb7 ./Application/LPCXPRESSO/cr_startup_lpc17.o

.debug_aranges  0x00000000      0x388
 .debug_aranges
                0x00000000       0x48 ./Middlewares/Log/Log.o
 .debug_aranges
                0x00000048       0x68 ./Kernel/Port/LPC17xx/port.o
 .debug_aranges
                0x000000b0       0x90 ./Kernel/Core/AVLTree.o
 .debug_aranges
                0x00000140       0xe0 ./Kernel/Core/event.o
 .debug_aranges
                0x00000220       0x40 ./Kernel/Core/list.o
 .debug_aranges
                0x00000260       0x28 ./Drivers/CMSIS/LPC17xx/system_LPC17xx.o
 .debug_aranges
                0x00000288       0x70 ./Application/MultiEvents/Application.o
 .debug_aranges
                0x000002f8       0x20 ./Application/MultiEvents/main.o
 .debug_aranges
                0x00000318       0x70 ./Application/LPCXPRESSO/cr_startup_lpc17.o

.debug_ranges   0x00000000      0x2f8
 .debug_ranges  0x00000000       0x38 ./Middlewares/Log/Log.o
 .debug_ranges  0x00000038       0x58 ./Kernel/Port/LPC17xx/port.o
 .debug_ranges  0x00000090       0x80 ./Kernel/Core/AVLTree.o
 .debug_ranges  0x00000110       0xd0 ./Kernel/Core/event.o
 .debug_ranges  0x000001e0       0x30 ./Kernel/Core/list.o
 .debug_ranges  0x00000210       0x18 ./Drivers/CMSIS/LPC17xx/system_LPC17xx.o
 .debug_ranges  0x00000228       0x60 ./Application/MultiEvents/Application.o
 .debug_ranges  0x00000288       0x10 ./Application/MultiEvents/main.o
 .debug_ranges  0x00000298       0x60 ./Application/LPCXPRESSO/cr_startup_lpc17.o

.debug_macro    0x00000000     0x27ec
 .debug_macro   0x00000000       0x88 ./Middlewares/Log/Log.o
 .debug_macro   0x00000088      0x88c ./Middlewares/Log/Log.o
 .debug_macro   0x00000914       0x10 ./Middlewares/Log/Log.o
 .debug_macro   0x00000924      0x12d ./Middlewares/Log/Log.o
 .debug_macro   0x00000a51      0x5b2 ./Middlewares/Log/Log.o
 .debug_macro   0x00001003       0x9a ./Middlewares/Log/Log.o
 .debug_macro   0x0000109d       0x1c ./Middlewares/Log/Log.o
 .debug_macro   0x000010b9      0x10d ./Kernel/Port/LPC17xx/port.o
 .debug_macro   0x000011c6       0xa0 ./Kernel/Port/LPC17xx/port.o
 .debug_macro   0x00001266       0x10 ./Kernel/Port/LPC17xx/port.o
 .debug_macro   0x00001276       0x28 ./Kernel/Port/LPC17xx/port.o
 .debug_macro   0x0000129e       0xd6 ./Kernel/Port/LPC17xx/port.o
 .debug_macro   0x00001374       0x2f ./Kernel/Port/LPC17xx/port.o
 .debug_macro   0x000013a3       0x1c ./Kernel/Port/LPC17xx/port.o
 .debug_macro   0x000013bf       0x1c ./Kernel/Port/LPC17xx/port.o
 .debug_macro   0x000013db       0x2e ./Kernel/Port/LPC17xx/port.o
 .debug_macro   0x00001409       0x18 ./Kernel/Port/LPC17xx/port.o
 .debug_macro   0x00001421      0x7af ./Kernel/Port/LPC17xx/port.o
 .debug_macro   0x00001bd0      0x2c7 ./Kernel/Port/LPC17xx/port.o
 .debug_macro   0x00001e97       0x5d ./Kernel/Port/LPC17xx/port.o
 .debug_macro   0x00001ef4      0x1aa ./Kernel/Port/LPC17xx/port.o
 .debug_macro   0x0000209e       0xe8 ./Kernel/Core/AVLTree.o
 .debug_macro   0x00002186       0x28 ./Kernel/Core/AVLTree.o
 .debug_macro   0x000021ae       0xfa ./Kernel/Core/event.o
 .debug_macro   0x000022a8       0x16 ./Kernel/Core/event.o
 .debug_macro   0x000022be       0x10 ./Kernel/Core/event.o
 .debug_macro   0x000022ce       0x7f ./Kernel/Core/list.o
 .debug_macro   0x0000234d      0x12b ./Drivers/CMSIS/LPC17xx/system_LPC17xx.o
 .debug_macro   0x00002478      0x160 ./Application/MultiEvents/Application.o
 .debug_macro   0x000025d8       0x82 ./Application/MultiEvents/Application.o
 .debug_macro   0x0000265a       0x34 ./Application/MultiEvents/Application.o
 .debug_macro   0x0000268e       0x22 ./Application/MultiEvents/Application.o
 .debug_macro   0x000026b0       0xea ./Application/MultiEvents/main.o
 .debug_macro   0x0000279a       0x52 ./Application/LPCXPRESSO/cr_startup_lpc17.o

.debug_line     0x00000000     0x2038
 .debug_line    0x00000000      0x1e9 ./Middlewares/Log/Log.o
 .debug_line    0x000001e9      0x40f ./Kernel/Port/LPC17xx/port.o
 .debug_line    0x000005f8      0x45d ./Kernel/Core/AVLTree.o
 .debug_line    0x00000a55      0x5c0 ./Kernel/Core/event.o
 .debug_line    0x00001015      0x266 ./Kernel/Core/list.o
 .debug_line    0x0000127b      0x293 ./Drivers/CMSIS/LPC17xx/system_LPC17xx.o
 .debug_line    0x0000150e      0x5b4 ./Application/MultiEvents/Application.o
 .debug_line    0x00001ac2      0x2c9 ./Application/MultiEvents/main.o
 .debug_line    0x00001d8b      0x2ad ./Application/LPCXPRESSO/cr_startup_lpc17.o

.debug_str      0x00000000     0xc461
 .debug_str     0x00000000     0x4329 ./Middlewares/Log/Log.o
                               0x43ea (size before relaxing)
 .debug_str     0x00004329     0x57a0 ./Kernel/Port/LPC17xx/port.o
                               0x9671 (size before relaxing)
 .debug_str     0x00009ac9      0x3a4 ./Kernel/Core/AVLTree.o
                               0x4ee3 (size before relaxing)
 .debug_str     0x00009e6d      0x778 ./Kernel/Core/event.o
                               0x515a (size before relaxing)
 .debug_str     0x0000a5e5       0xd7 ./Kernel/Core/list.o
                               0x3525 (size before relaxing)
 .debug_str     0x0000a6bc      0x42f ./Drivers/CMSIS/LPC17xx/system_LPC17xx.o
                               0x81dc (size before relaxing)
 .debug_str     0x0000aaeb     0x1765 ./Application/MultiEvents/Application.o
                               0xa74a (size before relaxing)
 .debug_str     0x0000c250       0x83 ./Application/MultiEvents/main.o
                               0x4c6b (size before relaxing)
 .debug_str     0x0000c2d3      0x18e ./Application/LPCXPRESSO/cr_startup_lpc17.o
                               0x3db1 (size before relaxing)

.comment        0x00000000       0xdc
 .comment       0x00000000       0x6e ./Middlewares/Log/Log.o
                                 0x6f (size before relaxing)
 .comment       0x0000006e       0x6f ./Kernel/Port/LPC17xx/port.o
 .comment       0x0000006e       0x6f ./Kernel/Core/AVLTree.o
 .comment       0x0000006e       0x6f ./Kernel/Core/event.o
 .comment       0x0000006e       0x6f ./Kernel/Core/list.o
 .comment       0x0000006e       0x6f ./Drivers/CMSIS/LPC17xx/system_LPC17xx.o
 .comment       0x0000006e       0x6f ./Application/MultiEvents/Application.o
 .comment       0x0000006e       0x6f ./Application/MultiEvents/main.o
 .comment       0x0000006e       0x6f ./Application/LPCXPRESSO/cr_startup_lpc17.o
 .comment       0x0000006e       0x6e d:/projetolpc/lpcxpresso_8.2.2_650/lpcxpresso/tools/bin/../lib/gcc/arm-none-eabi/5.4.1/../../../../arm-none-eabi/lib/armv7-m\libcr_semihost.a(_cr__main.o)
                                 0x6f (size before relaxing)
 .comment       0x000000dc       0x6f d:/projetolpc/lpcxpresso_8.2.2_650/lpcxpresso/tools/bin/../lib/gcc/arm-none-eabi/5.4.1/../../../../arm-none-eabi/lib/armv7-m\libcr_c.a(memcpy.o)
 .comment       0x000000dc       0x6f d:/projetolpc/lpcxpresso_8.2.2_650/lpcxpresso/tools/bin/../lib/gcc/arm-none-eabi/5.4.1/../../../../arm-none-eabi/lib/armv7-m\libcr_c.a(alloc.o)
 .comment       0x000000dc       0x6f d:/projetolpc/lpcxpresso_8.2.2_650/lpcxpresso/tools/bin/../lib/gcc/arm-none-eabi/5.4.1/../../../../arm-none-eabi/lib/armv7-m\libcr_c.a(fpprintf.o)
 .comment       0x000000dc       0x6f d:/projetolpc/lpcxpresso_8.2.2_650/lpcxpresso/tools/bin/../lib/gcc/arm-none-eabi/5.4.1/../../../../arm-none-eabi/lib/armv7-m\libcr_c.a(initio.o)
 .comment       0x000000dc       0x6f d:/projetolpc/lpcxpresso_8.2.2_650/lpcxpresso/tools/bin/../lib/gcc/arm-none-eabi/5.4.1/../../../../arm-none-eabi/lib/armv7-m\libcr_c.a(printf.o)
 .comment       0x000000dc       0x6f d:/projetolpc/lpcxpresso_8.2.2_650/lpcxpresso/tools/bin/../lib/gcc/arm-none-eabi/5.4.1/../../../../arm-none-eabi/lib/armv7-m\libcr_c.a(setvbuf.o)
 .comment       0x000000dc       0x6f d:/projetolpc/lpcxpresso_8.2.2_650/lpcxpresso/tools/bin/../lib/gcc/arm-none-eabi/5.4.1/../../../../arm-none-eabi/lib/armv7-m\libcr_c.a(stdio.o)
 .comment       0x000000dc       0x6f d:/projetolpc/lpcxpresso_8.2.2_650/lpcxpresso/tools/bin/../lib/gcc/arm-none-eabi/5.4.1/../../../../arm-none-eabi/lib/armv7-m\libcr_c.a(strcpy.o)
 .comment       0x000000dc       0x6f d:/projetolpc/lpcxpresso_8.2.2_650/lpcxpresso/tools/bin/../lib/gcc/arm-none-eabi/5.4.1/../../../../arm-none-eabi/lib/armv7-m\libcr_c.a(strlen.o)
 .comment       0x000000dc       0x6f d:/projetolpc/lpcxpresso_8.2.2_650/lpcxpresso/tools/bin/../lib/gcc/arm-none-eabi/5.4.1/../../../../arm-none-eabi/lib/armv7-m\libcr_c.a(strncmp.o)
 .comment       0x000000dc       0x6f d:/projetolpc/lpcxpresso_8.2.2_650/lpcxpresso/tools/bin/../lib/gcc/arm-none-eabi/5.4.1/../../../../arm-none-eabi/lib/armv7-m\libcr_c.a(memset.o)
 .comment       0x000000dc       0x6f d:/projetolpc/lpcxpresso_8.2.2_650/lpcxpresso/tools/bin/../lib/gcc/arm-none-eabi/5.4.1/../../../../arm-none-eabi/lib/armv7-m\libcr_c.a(__init_alloc.o)
 .comment       0x000000dc       0x6f d:/projetolpc/lpcxpresso_8.2.2_650/lpcxpresso/tools/bin/../lib/gcc/arm-none-eabi/5.4.1/../../../../arm-none-eabi/lib/armv7-m\libcr_c.a(_cr_sbrk.o)
 .comment       0x000000dc       0x6f d:/projetolpc/lpcxpresso_8.2.2_650/lpcxpresso/tools/bin/../lib/gcc/arm-none-eabi/5.4.1/../../../../arm-none-eabi/lib/armv7-m\libcr_c.a(_deferredlazyseek.o)
 .comment       0x000000dc       0x6f d:/projetolpc/lpcxpresso_8.2.2_650/lpcxpresso/tools/bin/../lib/gcc/arm-none-eabi/5.4.1/../../../../arm-none-eabi/lib/armv7-m\libcr_c.a(_fdopen.o)
 .comment       0x000000dc       0x6f d:/projetolpc/lpcxpresso_8.2.2_650/lpcxpresso/tools/bin/../lib/gcc/arm-none-eabi/5.4.1/../../../../arm-none-eabi/lib/armv7-m\libcr_c.a(_fflush.o)
 .comment       0x000000dc       0x6f d:/projetolpc/lpcxpresso_8.2.2_650/lpcxpresso/tools/bin/../lib/gcc/arm-none-eabi/5.4.1/../../../../arm-none-eabi/lib/armv7-m\libcr_c.a(_frexpl.o)
 .comment       0x000000dc       0x6f d:/projetolpc/lpcxpresso_8.2.2_650/lpcxpresso/tools/bin/../lib/gcc/arm-none-eabi/5.4.1/../../../../arm-none-eabi/lib/armv7-m\libcr_c.a(_ldexpl.o)
 .comment       0x000000dc       0x6f d:/projetolpc/lpcxpresso_8.2.2_650/lpcxpresso/tools/bin/../lib/gcc/arm-none-eabi/5.4.1/../../../../arm-none-eabi/lib/armv7-m\libcr_c.a(_writebuf.o)
 .comment       0x000000dc       0x6f d:/projetolpc/lpcxpresso_8.2.2_650/lpcxpresso/tools/bin/../lib/gcc/arm-none-eabi/5.4.1/../../../../arm-none-eabi/lib/armv7-m\libcr_c.a(errno.o)
 .comment       0x000000dc       0x6f d:/projetolpc/lpcxpresso_8.2.2_650/lpcxpresso/tools/bin/../lib/gcc/arm-none-eabi/5.4.1/../../../../arm-none-eabi/lib/armv7-m\libcr_c.a(fclose.o)
 .comment       0x000000dc       0x6f d:/projetolpc/lpcxpresso_8.2.2_650/lpcxpresso/tools/bin/../lib/gcc/arm-none-eabi/5.4.1/../../../../arm-none-eabi/lib/armv7-m\libcr_c.a(fflush.o)
 .comment       0x000000dc       0x6f d:/projetolpc/lpcxpresso_8.2.2_650/lpcxpresso/tools/bin/../lib/gcc/arm-none-eabi/5.4.1/../../../../arm-none-eabi/lib/armv7-m\libcr_c.a(fseek.o)
 .comment       0x000000dc       0x6f d:/projetolpc/lpcxpresso_8.2.2_650/lpcxpresso/tools/bin/../lib/gcc/arm-none-eabi/5.4.1/../../../../arm-none-eabi/lib/armv7-m\libcr_c.a(ftell.o)
 .comment       0x000000dc       0x6f d:/projetolpc/lpcxpresso_8.2.2_650/lpcxpresso/tools/bin/../lib/gcc/arm-none-eabi/5.4.1/../../../../arm-none-eabi/lib/armv7-m\libcr_c.a(remove.o)
 .comment       0x000000dc       0x6f d:/projetolpc/lpcxpresso_8.2.2_650/lpcxpresso/tools/bin/../lib/gcc/arm-none-eabi/5.4.1/../../../../arm-none-eabi/lib/armv7-m\libcr_c.a(_cr_check_heap.o)
 .comment       0x000000dc       0x6f d:/projetolpc/lpcxpresso_8.2.2_650/lpcxpresso/tools/bin/../lib/gcc/arm-none-eabi/5.4.1/../../../../arm-none-eabi/lib/armv7-m\libcr_c.a(_do_fflush.o)
 .comment       0x000000dc       0x6f d:/projetolpc/lpcxpresso_8.2.2_650/lpcxpresso/tools/bin/../lib/gcc/arm-none-eabi/5.4.1/../../../../arm-none-eabi/lib/armv7-m\libcr_c.a(_hugeval.o)
 .comment       0x000000dc       0x6f d:/projetolpc/lpcxpresso_8.2.2_650/lpcxpresso/tools/bin/../lib/gcc/arm-none-eabi/5.4.1/armv7-m\libcr_eabihelpers.a(double.o)

.ARM.attributes
                0x00000000       0x31
 .ARM.attributes
                0x00000000       0x33 ./Middlewares/Log/Log.o
 .ARM.attributes
                0x00000033       0x33 ./Kernel/Port/LPC17xx/port.o
 .ARM.attributes
                0x00000066       0x33 ./Kernel/Core/AVLTree.o
 .ARM.attributes
                0x00000099       0x33 ./Kernel/Core/event.o
 .ARM.attributes
                0x000000cc       0x33 ./Kernel/Core/list.o
 .ARM.attributes
                0x000000ff       0x33 ./Drivers/CMSIS/LPC17xx/system_LPC17xx.o
 .ARM.attributes
                0x00000132       0x33 ./Application/MultiEvents/Application.o
 .ARM.attributes
                0x00000165       0x33 ./Application/MultiEvents/main.o
 .ARM.attributes
                0x00000198       0x33 ./Application/LPCXPRESSO/cr_startup_lpc17.o
 .ARM.attributes
                0x000001cb       0x33 d:/projetolpc/lpcxpresso_8.2.2_650/lpcxpresso/tools/bin/../lib/gcc/arm-none-eabi/5.4.1/../../../../arm-none-eabi/lib/armv7-m\libcr_semihost.a(_cr__main.o)
 .ARM.attributes
                0x000001fe       0x33 d:/projetolpc/lpcxpresso_8.2.2_650/lpcxpresso/tools/bin/../lib/gcc/arm-none-eabi/5.4.1/../../../../arm-none-eabi/lib/armv7-m\libcr_c.a(memcpy.o)
 .ARM.attributes
                0x00000231       0x33 d:/projetolpc/lpcxpresso_8.2.2_650/lpcxpresso/tools/bin/../lib/gcc/arm-none-eabi/5.4.1/../../../../arm-none-eabi/lib/armv7-m\libcr_c.a(alloc.o)
 .ARM.attributes
                0x00000264       0x33 d:/projetolpc/lpcxpresso_8.2.2_650/lpcxpresso/tools/bin/../lib/gcc/arm-none-eabi/5.4.1/../../../../arm-none-eabi/lib/armv7-m\libcr_c.a(fpprintf.o)
 .ARM.attributes
                0x00000297       0x33 d:/projetolpc/lpcxpresso_8.2.2_650/lpcxpresso/tools/bin/../lib/gcc/arm-none-eabi/5.4.1/../../../../arm-none-eabi/lib/armv7-m\libcr_c.a(initio.o)
 .ARM.attributes
                0x000002ca       0x33 d:/projetolpc/lpcxpresso_8.2.2_650/lpcxpresso/tools/bin/../lib/gcc/arm-none-eabi/5.4.1/../../../../arm-none-eabi/lib/armv7-m\libcr_c.a(printf.o)
 .ARM.attributes
                0x000002fd       0x33 d:/projetolpc/lpcxpresso_8.2.2_650/lpcxpresso/tools/bin/../lib/gcc/arm-none-eabi/5.4.1/../../../../arm-none-eabi/lib/armv7-m\libcr_c.a(setvbuf.o)
 .ARM.attributes
                0x00000330       0x33 d:/projetolpc/lpcxpresso_8.2.2_650/lpcxpresso/tools/bin/../lib/gcc/arm-none-eabi/5.4.1/../../../../arm-none-eabi/lib/armv7-m\libcr_c.a(stdio.o)
 .ARM.attributes
                0x00000363       0x33 d:/projetolpc/lpcxpresso_8.2.2_650/lpcxpresso/tools/bin/../lib/gcc/arm-none-eabi/5.4.1/../../../../arm-none-eabi/lib/armv7-m\libcr_c.a(strcpy.o)
 .ARM.attributes
                0x00000396       0x33 d:/projetolpc/lpcxpresso_8.2.2_650/lpcxpresso/tools/bin/../lib/gcc/arm-none-eabi/5.4.1/../../../../arm-none-eabi/lib/armv7-m\libcr_c.a(strlen.o)
 .ARM.attributes
                0x000003c9       0x33 d:/projetolpc/lpcxpresso_8.2.2_650/lpcxpresso/tools/bin/../lib/gcc/arm-none-eabi/5.4.1/../../../../arm-none-eabi/lib/armv7-m\libcr_c.a(strncmp.o)
 .ARM.attributes
                0x000003fc       0x33 d:/projetolpc/lpcxpresso_8.2.2_650/lpcxpresso/tools/bin/../lib/gcc/arm-none-eabi/5.4.1/../../../../arm-none-eabi/lib/armv7-m\libcr_c.a(memset.o)
 .ARM.attributes
                0x0000042f       0x33 d:/projetolpc/lpcxpresso_8.2.2_650/lpcxpresso/tools/bin/../lib/gcc/arm-none-eabi/5.4.1/../../../../arm-none-eabi/lib/armv7-m\libcr_c.a(__init_alloc.o)
 .ARM.attributes
                0x00000462       0x33 d:/projetolpc/lpcxpresso_8.2.2_650/lpcxpresso/tools/bin/../lib/gcc/arm-none-eabi/5.4.1/../../../../arm-none-eabi/lib/armv7-m\libcr_c.a(_cr_sbrk.o)
 .ARM.attributes
                0x00000495       0x33 d:/projetolpc/lpcxpresso_8.2.2_650/lpcxpresso/tools/bin/../lib/gcc/arm-none-eabi/5.4.1/../../../../arm-none-eabi/lib/armv7-m\libcr_c.a(_deferredlazyseek.o)
 .ARM.attributes
                0x000004c8       0x33 d:/projetolpc/lpcxpresso_8.2.2_650/lpcxpresso/tools/bin/../lib/gcc/arm-none-eabi/5.4.1/../../../../arm-none-eabi/lib/armv7-m\libcr_c.a(_fdopen.o)
 .ARM.attributes
                0x000004fb       0x33 d:/projetolpc/lpcxpresso_8.2.2_650/lpcxpresso/tools/bin/../lib/gcc/arm-none-eabi/5.4.1/../../../../arm-none-eabi/lib/armv7-m\libcr_c.a(_fflush.o)
 .ARM.attributes
                0x0000052e       0x33 d:/projetolpc/lpcxpresso_8.2.2_650/lpcxpresso/tools/bin/../lib/gcc/arm-none-eabi/5.4.1/../../../../arm-none-eabi/lib/armv7-m\libcr_c.a(_frexpl.o)
 .ARM.attributes
                0x00000561       0x33 d:/projetolpc/lpcxpresso_8.2.2_650/lpcxpresso/tools/bin/../lib/gcc/arm-none-eabi/5.4.1/../../../../arm-none-eabi/lib/armv7-m\libcr_c.a(_ldexpl.o)
 .ARM.attributes
                0x00000594       0x33 d:/projetolpc/lpcxpresso_8.2.2_650/lpcxpresso/tools/bin/../lib/gcc/arm-none-eabi/5.4.1/../../../../arm-none-eabi/lib/armv7-m\libcr_c.a(_writebuf.o)
 .ARM.attributes
                0x000005c7       0x33 d:/projetolpc/lpcxpresso_8.2.2_650/lpcxpresso/tools/bin/../lib/gcc/arm-none-eabi/5.4.1/../../../../arm-none-eabi/lib/armv7-m\libcr_c.a(errno.o)
 .ARM.attributes
                0x000005fa       0x33 d:/projetolpc/lpcxpresso_8.2.2_650/lpcxpresso/tools/bin/../lib/gcc/arm-none-eabi/5.4.1/../../../../arm-none-eabi/lib/armv7-m\libcr_c.a(fclose.o)
 .ARM.attributes
                0x0000062d       0x33 d:/projetolpc/lpcxpresso_8.2.2_650/lpcxpresso/tools/bin/../lib/gcc/arm-none-eabi/5.4.1/../../../../arm-none-eabi/lib/armv7-m\libcr_c.a(fflush.o)
 .ARM.attributes
                0x00000660       0x33 d:/projetolpc/lpcxpresso_8.2.2_650/lpcxpresso/tools/bin/../lib/gcc/arm-none-eabi/5.4.1/../../../../arm-none-eabi/lib/armv7-m\libcr_c.a(fseek.o)
 .ARM.attributes
                0x00000693       0x33 d:/projetolpc/lpcxpresso_8.2.2_650/lpcxpresso/tools/bin/../lib/gcc/arm-none-eabi/5.4.1/../../../../arm-none-eabi/lib/armv7-m\libcr_c.a(ftell.o)
 .ARM.attributes
                0x000006c6       0x33 d:/projetolpc/lpcxpresso_8.2.2_650/lpcxpresso/tools/bin/../lib/gcc/arm-none-eabi/5.4.1/../../../../arm-none-eabi/lib/armv7-m\libcr_c.a(remove.o)
 .ARM.attributes
                0x000006f9       0x33 d:/projetolpc/lpcxpresso_8.2.2_650/lpcxpresso/tools/bin/../lib/gcc/arm-none-eabi/5.4.1/../../../../arm-none-eabi/lib/armv7-m\libcr_c.a(_cr_check_heap.o)
 .ARM.attributes
                0x0000072c       0x33 d:/projetolpc/lpcxpresso_8.2.2_650/lpcxpresso/tools/bin/../lib/gcc/arm-none-eabi/5.4.1/../../../../arm-none-eabi/lib/armv7-m\libcr_c.a(_do_fflush.o)
 .ARM.attributes
                0x0000075f       0x33 d:/projetolpc/lpcxpresso_8.2.2_650/lpcxpresso/tools/bin/../lib/gcc/arm-none-eabi/5.4.1/../../../../arm-none-eabi/lib/armv7-m\libcr_c.a(_hugeval.o)
 .ARM.attributes
                0x00000792       0x33 d:/projetolpc/lpcxpresso_8.2.2_650/lpcxpresso/tools/bin/../lib/gcc/arm-none-eabi/5.4.1/armv7-m\libcr_eabihelpers.a(double.o)
 .ARM.attributes
                0x000007c5       0x21 d:/projetolpc/lpcxpresso_8.2.2_650/lpcxpresso/tools/bin/../lib/gcc/arm-none-eabi/5.4.1/armv7-m\libcr_eabihelpers.a(memcpy.o)
 .ARM.attributes
                0x000007e6       0x21 d:/projetolpc/lpcxpresso_8.2.2_650/lpcxpresso/tools/bin/../lib/gcc/arm-none-eabi/5.4.1/../../../../arm-none-eabi/lib/armv7-m\libcr_semihost.a(__sys_appexit.o)
 .ARM.attributes
                0x00000807       0x21 d:/projetolpc/lpcxpresso_8.2.2_650/lpcxpresso/tools/bin/../lib/gcc/arm-none-eabi/5.4.1/../../../../arm-none-eabi/lib/armv7-m\libcr_semihost.a(__sys_close.o)
 .ARM.attributes
                0x00000828       0x21 d:/projetolpc/lpcxpresso_8.2.2_650/lpcxpresso/tools/bin/../lib/gcc/arm-none-eabi/5.4.1/../../../../arm-none-eabi/lib/armv7-m\libcr_semihost.a(__sys_flen.o)
 .ARM.attributes
                0x00000849       0x21 d:/projetolpc/lpcxpresso_8.2.2_650/lpcxpresso/tools/bin/../lib/gcc/arm-none-eabi/5.4.1/../../../../arm-none-eabi/lib/armv7-m\libcr_semihost.a(__sys_istty.o)
 .ARM.attributes
                0x0000086a       0x21 d:/projetolpc/lpcxpresso_8.2.2_650/lpcxpresso/tools/bin/../lib/gcc/arm-none-eabi/5.4.1/../../../../arm-none-eabi/lib/armv7-m\libcr_semihost.a(__sys_remove.o)
 .ARM.attributes
                0x0000088b       0x21 d:/projetolpc/lpcxpresso_8.2.2_650/lpcxpresso/tools/bin/../lib/gcc/arm-none-eabi/5.4.1/../../../../arm-none-eabi/lib/armv7-m\libcr_semihost.a(__sys_seek.o)
 .ARM.attributes
                0x000008ac       0x21 d:/projetolpc/lpcxpresso_8.2.2_650/lpcxpresso/tools/bin/../lib/gcc/arm-none-eabi/5.4.1/../../../../arm-none-eabi/lib/armv7-m\libcr_semihost.a(__sys_tmpnam.o)
 .ARM.attributes
                0x000008cd       0x21 d:/projetolpc/lpcxpresso_8.2.2_650/lpcxpresso/tools/bin/../lib/gcc/arm-none-eabi/5.4.1/../../../../arm-none-eabi/lib/armv7-m\libcr_semihost.a(__sys_write.o)

.debug_frame    0x00000000      0xc94
 .debug_frame   0x00000000       0xfc ./Middlewares/Log/Log.o
 .debug_frame   0x000000fc      0x148 ./Kernel/Port/LPC17xx/port.o
 .debug_frame   0x00000244      0x290 ./Kernel/Core/AVLTree.o
 .debug_frame   0x000004d4      0x3a4 ./Kernel/Core/event.o
 .debug_frame   0x00000878       0xd8 ./Kernel/Core/list.o
 .debug_frame   0x00000950       0x64 ./Drivers/CMSIS/LPC17xx/system_LPC17xx.o
 .debug_frame   0x000009b4      0x190 ./Application/MultiEvents/Application.o
 .debug_frame   0x00000b44       0x30 ./Application/MultiEvents/main.o
 .debug_frame   0x00000b74      0x120 ./Application/LPCXPRESSO/cr_startup_lpc17.o
